Archive member included to satisfy reference by file (symbol)

c:/winavr-20100110/bin/../lib/gcc/avr/4.9.2/avr5\libgcc.a(_udivmodhi4.o)
                              main.o (__udivmodhi4)
c:/winavr-20100110/bin/../lib/gcc/avr/4.9.2/avr5\libgcc.a(_udivmodsi4.o)
                              main.o (__udivmodsi4)
c:/winavr-20100110/bin/../lib/gcc/avr/4.9.2/avr5\libgcc.a(_exit.o)
                              c:/winavr-20100110/bin/../lib/gcc/avr/4.9.2/../../../../avr/lib/avr5/crtatmega328p.o (exit)
c:/winavr-20100110/bin/../lib/gcc/avr/4.9.2/avr5\libgcc.a(_tablejump2.o)
                              display.o (__tablejump2__)
c:/winavr-20100110/bin/../lib/gcc/avr/4.9.2/avr5\libgcc.a(_copy_data.o)
                              display.o (__do_copy_data)
c:/winavr-20100110/bin/../lib/gcc/avr/4.9.2/avr5\libgcc.a(_clear_bss.o)
                              fsm.o (__do_clear_bss)
c:/winavr-20100110/bin/../lib/gcc/avr/4.9.2/../../../../avr/lib/avr5\libc.a(malloc.o)
                              FreeRTOS/MemMang/heap_3.o (malloc)
c:/winavr-20100110/bin/../lib/gcc/avr/4.9.2/../../../../avr/lib/avr5\libc.a(memcpy.o)
                              FreeRTOS/queue.o (memcpy)
c:/winavr-20100110/bin/../lib/gcc/avr/4.9.2/../../../../avr/lib/avr5\libc.a(memset.o)
                              FreeRTOS/task.o (memset)
c:/winavr-20100110/bin/../lib/gcc/avr/4.9.2/../../../../avr/lib/avr5\libc.a(strcpy.o)
                              display.o (strcpy)
c:/winavr-20100110/bin/../lib/gcc/avr/4.9.2/../../../../avr/lib/avr5\libc.a(sprintf.o)
                              display.o (sprintf)
c:/winavr-20100110/bin/../lib/gcc/avr/4.9.2/../../../../avr/lib/avr5\libc.a(vfprintf_std.o)
                              c:/winavr-20100110/bin/../lib/gcc/avr/4.9.2/../../../../avr/lib/avr5\libc.a(sprintf.o) (vfprintf)
c:/winavr-20100110/bin/../lib/gcc/avr/4.9.2/../../../../avr/lib/avr5\libc.a(strnlen_P.o)
                              c:/winavr-20100110/bin/../lib/gcc/avr/4.9.2/../../../../avr/lib/avr5\libc.a(vfprintf_std.o) (strnlen_P)
c:/winavr-20100110/bin/../lib/gcc/avr/4.9.2/../../../../avr/lib/avr5\libc.a(strnlen.o)
                              c:/winavr-20100110/bin/../lib/gcc/avr/4.9.2/../../../../avr/lib/avr5\libc.a(vfprintf_std.o) (strnlen)
c:/winavr-20100110/bin/../lib/gcc/avr/4.9.2/../../../../avr/lib/avr5\libc.a(fputc.o)
                              c:/winavr-20100110/bin/../lib/gcc/avr/4.9.2/../../../../avr/lib/avr5\libc.a(vfprintf_std.o) (fputc)
c:/winavr-20100110/bin/../lib/gcc/avr/4.9.2/../../../../avr/lib/avr5\libc.a(ultoa_invert.o)
                              c:/winavr-20100110/bin/../lib/gcc/avr/4.9.2/../../../../avr/lib/avr5\libc.a(vfprintf_std.o) (__ultoa_invert)
c:/winavr-20100110/bin/../lib/gcc/avr/4.9.2/avr5\libgcc.a(_prologue.o)
                              c:/winavr-20100110/bin/../lib/gcc/avr/4.9.2/../../../../avr/lib/avr5\libc.a(sprintf.o) (__prologue_saves__)
c:/winavr-20100110/bin/../lib/gcc/avr/4.9.2/avr5\libgcc.a(_epilogue.o)
                              c:/winavr-20100110/bin/../lib/gcc/avr/4.9.2/../../../../avr/lib/avr5\libc.a(sprintf.o) (__epilogue_restores__)

Allocating common symbols
Common symbol       size              file

sc_t1               0x1               main.o
dy_t1               0x1               main.o
mn_t0               0x1               main.o
hr_t0               0x2               main.o
yr_t0               0x2               main.o
pcf8574_pinstatus   0x8               lcdpcf8574/lcdpcf8574.o
delay_T1            0x2               main.o
__brkval            0x2               c:/winavr-20100110/bin/../lib/gcc/avr/4.9.2/../../../../avr/lib/avr5\libc.a(malloc.o)
mt_t1               0x1               main.o
mn_t1               0x1               main.o
yr_t1               0x2               main.o
key                 0x1               main.o
hr_t1               0x2               main.o
count               0x1               main.o
yr_t3               0x2               main.o
sc_t0               0x1               main.o
__flp               0x2               c:/winavr-20100110/bin/../lib/gcc/avr/4.9.2/../../../../avr/lib/avr5\libc.a(malloc.o)
dy_t0               0x1               main.o
mt_t0               0x1               main.o
yr_t2               0x2               main.o

Discarded input sections

 .data          0x00000000        0x0 c:/winavr-20100110/bin/../lib/gcc/avr/4.9.2/../../../../avr/lib/avr5/crtatmega328p.o
 .bss           0x00000000        0x0 c:/winavr-20100110/bin/../lib/gcc/avr/4.9.2/../../../../avr/lib/avr5/crtatmega328p.o
 .text          0x00000000        0x0 display.o
 .data          0x00000000        0x0 display.o
 .bss           0x00000000        0x0 display.o
 .text          0x00000000        0x0 fsm.o
 .data          0x00000000        0x0 fsm.o
 .bss           0x00000000        0x0 fsm.o
 .text          0x00000000        0x0 keypad.o
 .data          0x00000000        0x0 keypad.o
 .bss           0x00000000        0x0 keypad.o
 .text          0x00000000        0x0 main.o
 .data          0x00000000        0x0 main.o
 .bss           0x00000000        0x0 main.o
 .bss.result    0x00000000        0x4 main.o
 .text          0x00000000        0x0 relay.o
 .data          0x00000000        0x0 relay.o
 .bss           0x00000000        0x0 relay.o
 .text          0x00000000        0x0 ultrasonic.o
 .data          0x00000000        0x0 ultrasonic.o
 .bss           0x00000000        0x0 ultrasonic.o
 .debug_line    0x00000000        0x0 ultrasonic.o
 .debug_str     0x00000000       0xe8 ultrasonic.o
 .comment       0x00000000       0x31 ultrasonic.o
 .text          0x00000000        0x0 i2chw/twimaster.o
 .data          0x00000000        0x0 i2chw/twimaster.o
 .bss           0x00000000        0x0 i2chw/twimaster.o
 .text.i2c_start_wait
                0x00000000       0x4e i2chw/twimaster.o
 .text.i2c_rep_start
                0x00000000        0x4 i2chw/twimaster.o
 .text.i2c_readAck
                0x00000000       0x14 i2chw/twimaster.o
 .text.i2c_readNak
                0x00000000       0x14 i2chw/twimaster.o
 .text          0x00000000        0x0 lcdpcf8574/lcdpcf8574.o
 .data          0x00000000        0x0 lcdpcf8574/lcdpcf8574.o
 .bss           0x00000000        0x0 lcdpcf8574/lcdpcf8574.o
 .text.lcd_data
                0x00000000       0x12 lcdpcf8574/lcdpcf8574.o
 .text.lcd_getxy
                0x00000000        0x8 lcdpcf8574/lcdpcf8574.o
 .text.lcd_puts_p
                0x00000000       0x1e lcdpcf8574/lcdpcf8574.o
 .text          0x00000000        0x0 pcf8574/pcf8574.o
 .data          0x00000000        0x0 pcf8574/pcf8574.o
 .bss           0x00000000        0x0 pcf8574/pcf8574.o
 .text.pcf8574_getoutput
                0x00000000       0x14 pcf8574/pcf8574.o
 .text.pcf8574_setoutputpins
                0x00000000       0x84 pcf8574/pcf8574.o
 .text.pcf8574_getinput
                0x00000000       0x36 pcf8574/pcf8574.o
 .text.pcf8574_getinputpin
                0x00000000       0x2e pcf8574/pcf8574.o
 .text          0x00000000        0x0 uart/uart.o
 .data          0x00000000        0x0 uart/uart.o
 .bss           0x00000000        0x0 uart/uart.o
 .text.uart_getc
                0x00000000       0x36 uart/uart.o
 .text.uart_puts_p
                0x00000000       0x1e uart/uart.o
 .text          0x00000000        0x0 FreeRTOS/croutine.o
 .data          0x00000000        0x0 FreeRTOS/croutine.o
 .bss           0x00000000        0x0 FreeRTOS/croutine.o
 .debug_info    0x00000000       0x64 FreeRTOS/croutine.o
 .debug_abbrev  0x00000000       0x26 FreeRTOS/croutine.o
 .debug_aranges
                0x00000000       0x18 FreeRTOS/croutine.o
 .debug_line    0x00000000       0x1a FreeRTOS/croutine.o
 .debug_str     0x00000000      0x164 FreeRTOS/croutine.o
 .comment       0x00000000       0x31 FreeRTOS/croutine.o
 .text          0x00000000        0x0 FreeRTOS/event_groups.o
 .data          0x00000000        0x0 FreeRTOS/event_groups.o
 .bss           0x00000000        0x0 FreeRTOS/event_groups.o
 .text.hot.xEventGroupCreate
                0x00000000       0x26 FreeRTOS/event_groups.o
 .text.hot.xEventGroupWaitBits
                0x00000000       0xf2 FreeRTOS/event_groups.o
 .text.hot.xEventGroupClearBits
                0x00000000       0x1e FreeRTOS/event_groups.o
 .text.hot.xEventGroupGetBitsFromISR
                0x00000000        0x8 FreeRTOS/event_groups.o
 .text.hot.xEventGroupSetBits
                0x00000000       0xaa FreeRTOS/event_groups.o
 .text.hot.xEventGroupSync
                0x00000000       0xd4 FreeRTOS/event_groups.o
 .text.hot.vEventGroupDelete
                0x00000000       0x2c FreeRTOS/event_groups.o
 .text.hot.vEventGroupSetBitsCallback
                0x00000000        0x6 FreeRTOS/event_groups.o
 .text.hot.vEventGroupClearBitsCallback
                0x00000000        0x6 FreeRTOS/event_groups.o
 .debug_info    0x00000000      0x927 FreeRTOS/event_groups.o
 .debug_abbrev  0x00000000      0x279 FreeRTOS/event_groups.o
 .debug_loc     0x00000000      0xb58 FreeRTOS/event_groups.o
 .debug_aranges
                0x00000000       0x60 FreeRTOS/event_groups.o
 .debug_ranges  0x00000000       0x70 FreeRTOS/event_groups.o
 .debug_line    0x00000000      0x3c8 FreeRTOS/event_groups.o
 .debug_str     0x00000000      0x585 FreeRTOS/event_groups.o
 .comment       0x00000000       0x31 FreeRTOS/event_groups.o
 .debug_frame   0x00000000      0x14c FreeRTOS/event_groups.o
 .text          0x00000000        0x0 FreeRTOS/hooks.o
 .data          0x00000000        0x0 FreeRTOS/hooks.o
 .bss           0x00000000        0x0 FreeRTOS/hooks.o
 .text.vApplicationStackOverflowHook
                0x00000000       0x1a FreeRTOS/hooks.o
 .text          0x00000000        0x0 FreeRTOS/list.o
 .data          0x00000000        0x0 FreeRTOS/list.o
 .bss           0x00000000        0x0 FreeRTOS/list.o
 .text          0x00000000        0x0 FreeRTOS/port.o
 .data          0x00000000        0x0 FreeRTOS/port.o
 .bss           0x00000000        0x0 FreeRTOS/port.o
 .text.hot.vPortEndScheduler
                0x00000000       0x18 FreeRTOS/port.o
 .text          0x00000000        0x0 FreeRTOS/queue.o
 .data          0x00000000        0x0 FreeRTOS/queue.o
 .bss           0x00000000        0x0 FreeRTOS/queue.o
 .text.hot.xQueueCreateCountingSemaphore
                0x00000000       0x18 FreeRTOS/queue.o
 .text.hot.xQueueCreateMutex
                0x00000000       0x34 FreeRTOS/queue.o
 .text.hot.xQueueGiveMutexRecursive
                0x00000000       0x44 FreeRTOS/queue.o
 .text.hot.xQueueGiveFromISR
                0x00000000       0x46 FreeRTOS/queue.o
 .text.hot.xQueueSemaphoreTake
                0x00000000      0x184 FreeRTOS/queue.o
 .text.hot.xQueueTakeMutexRecursive
                0x00000000       0x5c FreeRTOS/queue.o
 .text.hot.xQueuePeek
                0x00000000      0x124 FreeRTOS/queue.o
 .text.hot.xQueueReceiveFromISR
                0x00000000       0x5e FreeRTOS/queue.o
 .text.hot.xQueuePeekFromISR
                0x00000000       0x2e FreeRTOS/queue.o
 .text.hot.uxQueueMessagesWaiting
                0x00000000       0x10 FreeRTOS/queue.o
 .text.hot.uxQueueSpacesAvailable
                0x00000000       0x14 FreeRTOS/queue.o
 .text.hot.uxQueueMessagesWaitingFromISR
                0x00000000        0x6 FreeRTOS/queue.o
 .text.hot.vQueueDelete
                0x00000000        0x4 FreeRTOS/queue.o
 .text.hot.xQueueIsQueueEmptyFromISR
                0x00000000        0xc FreeRTOS/queue.o
 .text.hot.xQueueIsQueueFullFromISR
                0x00000000        0xe FreeRTOS/queue.o
 .text          0x00000000        0x0 FreeRTOS/stream_buffer.o
 .data          0x00000000        0x0 FreeRTOS/stream_buffer.o
 .bss           0x00000000        0x0 FreeRTOS/stream_buffer.o
 .text.hot.prvBytesInBuffer
                0x00000000       0x26 FreeRTOS/stream_buffer.o
 .text.hot.prvWriteBytesToBuffer
                0x00000000       0x94 FreeRTOS/stream_buffer.o
 .text.hot.prvWriteMessageToBuffer
                0x00000000       0x7a FreeRTOS/stream_buffer.o
 .text.prvReadBytesFromBuffer
                0x00000000       0xa0 FreeRTOS/stream_buffer.o
 .text.hot.prvReadMessageFromBuffer
                0x00000000       0x90 FreeRTOS/stream_buffer.o
 .text.hot.xStreamBufferGenericCreate
                0x00000000       0x6a FreeRTOS/stream_buffer.o
 .text.hot.vStreamBufferDelete
                0x00000000       0x16 FreeRTOS/stream_buffer.o
 .text.hot.xStreamBufferReset
                0x00000000       0x4a FreeRTOS/stream_buffer.o
 .text.hot.xStreamBufferSetTriggerLevel
                0x00000000       0x22 FreeRTOS/stream_buffer.o
 .text.hot.xStreamBufferSpacesAvailable
                0x00000000       0x24 FreeRTOS/stream_buffer.o
 .text.hot.xStreamBufferBytesAvailable
                0x00000000        0x4 FreeRTOS/stream_buffer.o
 .text.hot.xStreamBufferSend
                0x00000000      0x144 FreeRTOS/stream_buffer.o
 .text.hot.xStreamBufferSendFromISR
                0x00000000       0xa6 FreeRTOS/stream_buffer.o
 .text.hot.xStreamBufferReceive
                0x00000000       0xf2 FreeRTOS/stream_buffer.o
 .text.hot.xStreamBufferReceiveFromISR
                0x00000000       0xa6 FreeRTOS/stream_buffer.o
 .text.hot.xStreamBufferIsEmpty
                0x00000000       0x16 FreeRTOS/stream_buffer.o
 .text.hot.xStreamBufferIsFull
                0x00000000       0x2c FreeRTOS/stream_buffer.o
 .text.hot.xStreamBufferSendCompletedFromISR
                0x00000000       0x46 FreeRTOS/stream_buffer.o
 .text.hot.xStreamBufferReceiveCompletedFromISR
                0x00000000       0x46 FreeRTOS/stream_buffer.o
 .debug_info    0x00000000     0x12f3 FreeRTOS/stream_buffer.o
 .debug_abbrev  0x00000000      0x2e5 FreeRTOS/stream_buffer.o
 .debug_loc     0x00000000     0x1b75 FreeRTOS/stream_buffer.o
 .debug_aranges
                0x00000000       0xb0 FreeRTOS/stream_buffer.o
 .debug_ranges  0x00000000       0xb8 FreeRTOS/stream_buffer.o
 .debug_line    0x00000000      0x682 FreeRTOS/stream_buffer.o
 .debug_str     0x00000000      0x740 FreeRTOS/stream_buffer.o
 .comment       0x00000000       0x31 FreeRTOS/stream_buffer.o
 .debug_frame   0x00000000      0x3a8 FreeRTOS/stream_buffer.o
 .text          0x00000000        0x0 FreeRTOS/task.o
 .data          0x00000000        0x0 FreeRTOS/task.o
 .bss           0x00000000        0x0 FreeRTOS/task.o
 .text.hot.vTaskDelete
                0x00000000       0xaa FreeRTOS/task.o
 .text.hot.uxTaskPriorityGet
                0x00000000       0x1c FreeRTOS/task.o
 .text.hot.uxTaskPriorityGetFromISR
                0x00000000       0x12 FreeRTOS/task.o
 .text.hot.vTaskPrioritySet
                0x00000000       0xd2 FreeRTOS/task.o
 .text.hot.vTaskResume
                0x00000000       0x92 FreeRTOS/task.o
 .text.hot.xTaskResumeFromISR
                0x00000000       0x90 FreeRTOS/task.o
 .text.hot.vTaskEndScheduler
                0x00000000        0xe FreeRTOS/task.o
 .text.hot.xTaskGetTickCountFromISR
                0x00000000        0xa FreeRTOS/task.o
 .text.hot.uxTaskGetNumberOfTasks
                0x00000000        0x6 FreeRTOS/task.o
 .text.hot.pcTaskGetName
                0x00000000       0x10 FreeRTOS/task.o
 .text.hot.vTaskSuspend
                0x00000000       0xac FreeRTOS/task.o
 .text.hot.vTaskPlaceOnUnorderedEventList
                0x00000000       0x30 FreeRTOS/task.o
 .text.hot.vTaskRemoveFromUnorderedEventList
                0x00000000       0x64 FreeRTOS/task.o
 .text.hot.vTaskSetTimeOutState
                0x00000000       0x20 FreeRTOS/task.o
 .text.hot.uxTaskGetStackHighWaterMark
                0x00000000       0x2c FreeRTOS/task.o
 .text.hot.xTaskGetCurrentTaskHandle
                0x00000000        0xa FreeRTOS/task.o
 .text.hot.xTaskPriorityInherit
                0x00000000       0xc6 FreeRTOS/task.o
 .text.hot.vTaskPriorityDisinheritAfterTimeout
                0x00000000       0x8e FreeRTOS/task.o
 .text.hot.uxTaskResetEventItemValue
                0x00000000       0x2e FreeRTOS/task.o
 .text.hot.pvTaskIncrementMutexHeldCount
                0x00000000       0x24 FreeRTOS/task.o
 .text.hot.ulTaskNotifyTake
                0x00000000       0xa2 FreeRTOS/task.o
 .text.hot.xTaskNotifyWait
                0x00000000      0x134 FreeRTOS/task.o
 .text.hot.xTaskGenericNotify
                0x00000000       0xd2 FreeRTOS/task.o
 .text.hot.xTaskGenericNotifyFromISR
                0x00000000       0xf4 FreeRTOS/task.o
 .text.hot.vTaskNotifyGiveFromISR
                0x00000000       0xa4 FreeRTOS/task.o
 .text.xTaskNotifyStateClear
                0x00000000       0x28 FreeRTOS/task.o
 .text          0x00000000        0x0 FreeRTOS/time.o
 .data          0x00000000        0x0 FreeRTOS/time.o
 .bss           0x00000000        0x0 FreeRTOS/time.o
 .text.hot.xTimerCreate
                0x00000000       0x64 FreeRTOS/time.o
 .text.hot.xTimerGetTimerDaemonTaskHandle
                0x00000000        0xa FreeRTOS/time.o
 .text.hot.xTimerGetPeriod
                0x00000000        0x8 FreeRTOS/time.o
 .text.hot.xTimerGetExpiryTime
                0x00000000        0x8 FreeRTOS/time.o
 .text.hot.pcTimerGetName
                0x00000000        0x8 FreeRTOS/time.o
 .text.hot.xTimerIsTimerActive
                0x00000000       0x1a FreeRTOS/time.o
 .text.hot.pvTimerGetTimerID
                0x00000000       0x12 FreeRTOS/time.o
 .text.hot.vTimerSetTimerID
                0x00000000       0x12 FreeRTOS/time.o
 .text          0x00000000        0x0 FreeRTOS/MemMang/heap_3.o
 .data          0x00000000        0x0 FreeRTOS/MemMang/heap_3.o
 .bss           0x00000000        0x0 FreeRTOS/MemMang/heap_3.o
 .text          0x00000000        0x0 c:/winavr-20100110/bin/../lib/gcc/avr/4.9.2/avr5\libgcc.a(_udivmodhi4.o)
 .data          0x00000000        0x0 c:/winavr-20100110/bin/../lib/gcc/avr/4.9.2/avr5\libgcc.a(_udivmodhi4.o)
 .bss           0x00000000        0x0 c:/winavr-20100110/bin/../lib/gcc/avr/4.9.2/avr5\libgcc.a(_udivmodhi4.o)
 .text.libgcc.mul
                0x00000000        0x0 c:/winavr-20100110/bin/../lib/gcc/avr/4.9.2/avr5\libgcc.a(_udivmodhi4.o)
 .text.libgcc   0x00000000        0x0 c:/winavr-20100110/bin/../lib/gcc/avr/4.9.2/avr5\libgcc.a(_udivmodhi4.o)
 .text.libgcc.prologue
                0x00000000        0x0 c:/winavr-20100110/bin/../lib/gcc/avr/4.9.2/avr5\libgcc.a(_udivmodhi4.o)
 .text.libgcc.builtins
                0x00000000        0x0 c:/winavr-20100110/bin/../lib/gcc/avr/4.9.2/avr5\libgcc.a(_udivmodhi4.o)
 .text.libgcc.fmul
                0x00000000        0x0 c:/winavr-20100110/bin/../lib/gcc/avr/4.9.2/avr5\libgcc.a(_udivmodhi4.o)
 .text.libgcc.fixed
                0x00000000        0x0 c:/winavr-20100110/bin/../lib/gcc/avr/4.9.2/avr5\libgcc.a(_udivmodhi4.o)
 .text          0x00000000        0x0 c:/winavr-20100110/bin/../lib/gcc/avr/4.9.2/avr5\libgcc.a(_udivmodsi4.o)
 .data          0x00000000        0x0 c:/winavr-20100110/bin/../lib/gcc/avr/4.9.2/avr5\libgcc.a(_udivmodsi4.o)
 .bss           0x00000000        0x0 c:/winavr-20100110/bin/../lib/gcc/avr/4.9.2/avr5\libgcc.a(_udivmodsi4.o)
 .text.libgcc.mul
                0x00000000        0x0 c:/winavr-20100110/bin/../lib/gcc/avr/4.9.2/avr5\libgcc.a(_udivmodsi4.o)
 .text.libgcc   0x00000000        0x0 c:/winavr-20100110/bin/../lib/gcc/avr/4.9.2/avr5\libgcc.a(_udivmodsi4.o)
 .text.libgcc.prologue
                0x00000000        0x0 c:/winavr-20100110/bin/../lib/gcc/avr/4.9.2/avr5\libgcc.a(_udivmodsi4.o)
 .text.libgcc.builtins
                0x00000000        0x0 c:/winavr-20100110/bin/../lib/gcc/avr/4.9.2/avr5\libgcc.a(_udivmodsi4.o)
 .text.libgcc.fmul
                0x00000000        0x0 c:/winavr-20100110/bin/../lib/gcc/avr/4.9.2/avr5\libgcc.a(_udivmodsi4.o)
 .text.libgcc.fixed
                0x00000000        0x0 c:/winavr-20100110/bin/../lib/gcc/avr/4.9.2/avr5\libgcc.a(_udivmodsi4.o)
 .text          0x00000000        0x0 c:/winavr-20100110/bin/../lib/gcc/avr/4.9.2/avr5\libgcc.a(_exit.o)
 .data          0x00000000        0x0 c:/winavr-20100110/bin/../lib/gcc/avr/4.9.2/avr5\libgcc.a(_exit.o)
 .bss           0x00000000        0x0 c:/winavr-20100110/bin/../lib/gcc/avr/4.9.2/avr5\libgcc.a(_exit.o)
 .text.libgcc.mul
                0x00000000        0x0 c:/winavr-20100110/bin/../lib/gcc/avr/4.9.2/avr5\libgcc.a(_exit.o)
 .text.libgcc.div
                0x00000000        0x0 c:/winavr-20100110/bin/../lib/gcc/avr/4.9.2/avr5\libgcc.a(_exit.o)
 .text.libgcc   0x00000000        0x0 c:/winavr-20100110/bin/../lib/gcc/avr/4.9.2/avr5\libgcc.a(_exit.o)
 .text.libgcc.prologue
                0x00000000        0x0 c:/winavr-20100110/bin/../lib/gcc/avr/4.9.2/avr5\libgcc.a(_exit.o)
 .text.libgcc.builtins
                0x00000000        0x0 c:/winavr-20100110/bin/../lib/gcc/avr/4.9.2/avr5\libgcc.a(_exit.o)
 .text.libgcc.fmul
                0x00000000        0x0 c:/winavr-20100110/bin/../lib/gcc/avr/4.9.2/avr5\libgcc.a(_exit.o)
 .text.libgcc.fixed
                0x00000000        0x0 c:/winavr-20100110/bin/../lib/gcc/avr/4.9.2/avr5\libgcc.a(_exit.o)
 .text          0x00000000        0x0 c:/winavr-20100110/bin/../lib/gcc/avr/4.9.2/avr5\libgcc.a(_tablejump2.o)
 .data          0x00000000        0x0 c:/winavr-20100110/bin/../lib/gcc/avr/4.9.2/avr5\libgcc.a(_tablejump2.o)
 .bss           0x00000000        0x0 c:/winavr-20100110/bin/../lib/gcc/avr/4.9.2/avr5\libgcc.a(_tablejump2.o)
 .text.libgcc.mul
                0x00000000        0x0 c:/winavr-20100110/bin/../lib/gcc/avr/4.9.2/avr5\libgcc.a(_tablejump2.o)
 .text.libgcc.div
                0x00000000        0x0 c:/winavr-20100110/bin/../lib/gcc/avr/4.9.2/avr5\libgcc.a(_tablejump2.o)
 .text.libgcc.prologue
                0x00000000        0x0 c:/winavr-20100110/bin/../lib/gcc/avr/4.9.2/avr5\libgcc.a(_tablejump2.o)
 .text.libgcc.builtins
                0x00000000        0x0 c:/winavr-20100110/bin/../lib/gcc/avr/4.9.2/avr5\libgcc.a(_tablejump2.o)
 .text.libgcc.fmul
                0x00000000        0x0 c:/winavr-20100110/bin/../lib/gcc/avr/4.9.2/avr5\libgcc.a(_tablejump2.o)
 .text.libgcc.fixed
                0x00000000        0x0 c:/winavr-20100110/bin/../lib/gcc/avr/4.9.2/avr5\libgcc.a(_tablejump2.o)
 .text          0x00000000        0x0 c:/winavr-20100110/bin/../lib/gcc/avr/4.9.2/avr5\libgcc.a(_copy_data.o)
 .data          0x00000000        0x0 c:/winavr-20100110/bin/../lib/gcc/avr/4.9.2/avr5\libgcc.a(_copy_data.o)
 .bss           0x00000000        0x0 c:/winavr-20100110/bin/../lib/gcc/avr/4.9.2/avr5\libgcc.a(_copy_data.o)
 .text.libgcc.mul
                0x00000000        0x0 c:/winavr-20100110/bin/../lib/gcc/avr/4.9.2/avr5\libgcc.a(_copy_data.o)
 .text.libgcc.div
                0x00000000        0x0 c:/winavr-20100110/bin/../lib/gcc/avr/4.9.2/avr5\libgcc.a(_copy_data.o)
 .text.libgcc   0x00000000        0x0 c:/winavr-20100110/bin/../lib/gcc/avr/4.9.2/avr5\libgcc.a(_copy_data.o)
 .text.libgcc.prologue
                0x00000000        0x0 c:/winavr-20100110/bin/../lib/gcc/avr/4.9.2/avr5\libgcc.a(_copy_data.o)
 .text.libgcc.builtins
                0x00000000        0x0 c:/winavr-20100110/bin/../lib/gcc/avr/4.9.2/avr5\libgcc.a(_copy_data.o)
 .text.libgcc.fmul
                0x00000000        0x0 c:/winavr-20100110/bin/../lib/gcc/avr/4.9.2/avr5\libgcc.a(_copy_data.o)
 .text.libgcc.fixed
                0x00000000        0x0 c:/winavr-20100110/bin/../lib/gcc/avr/4.9.2/avr5\libgcc.a(_copy_data.o)
 .text          0x00000000        0x0 c:/winavr-20100110/bin/../lib/gcc/avr/4.9.2/avr5\libgcc.a(_clear_bss.o)
 .data          0x00000000        0x0 c:/winavr-20100110/bin/../lib/gcc/avr/4.9.2/avr5\libgcc.a(_clear_bss.o)
 .bss           0x00000000        0x0 c:/winavr-20100110/bin/../lib/gcc/avr/4.9.2/avr5\libgcc.a(_clear_bss.o)
 .text.libgcc.mul
                0x00000000        0x0 c:/winavr-20100110/bin/../lib/gcc/avr/4.9.2/avr5\libgcc.a(_clear_bss.o)
 .text.libgcc.div
                0x00000000        0x0 c:/winavr-20100110/bin/../lib/gcc/avr/4.9.2/avr5\libgcc.a(_clear_bss.o)
 .text.libgcc   0x00000000        0x0 c:/winavr-20100110/bin/../lib/gcc/avr/4.9.2/avr5\libgcc.a(_clear_bss.o)
 .text.libgcc.prologue
                0x00000000        0x0 c:/winavr-20100110/bin/../lib/gcc/avr/4.9.2/avr5\libgcc.a(_clear_bss.o)
 .text.libgcc.builtins
                0x00000000        0x0 c:/winavr-20100110/bin/../lib/gcc/avr/4.9.2/avr5\libgcc.a(_clear_bss.o)
 .text.libgcc.fmul
                0x00000000        0x0 c:/winavr-20100110/bin/../lib/gcc/avr/4.9.2/avr5\libgcc.a(_clear_bss.o)
 .text.libgcc.fixed
                0x00000000        0x0 c:/winavr-20100110/bin/../lib/gcc/avr/4.9.2/avr5\libgcc.a(_clear_bss.o)
 .text          0x00000000        0x0 c:/winavr-20100110/bin/../lib/gcc/avr/4.9.2/../../../../avr/lib/avr5\libc.a(malloc.o)
 .bss           0x00000000        0x0 c:/winavr-20100110/bin/../lib/gcc/avr/4.9.2/../../../../avr/lib/avr5\libc.a(malloc.o)
 .text          0x00000000        0x0 c:/winavr-20100110/bin/../lib/gcc/avr/4.9.2/../../../../avr/lib/avr5\libc.a(memcpy.o)
 .data          0x00000000        0x0 c:/winavr-20100110/bin/../lib/gcc/avr/4.9.2/../../../../avr/lib/avr5\libc.a(memcpy.o)
 .bss           0x00000000        0x0 c:/winavr-20100110/bin/../lib/gcc/avr/4.9.2/../../../../avr/lib/avr5\libc.a(memcpy.o)
 .text          0x00000000        0x0 c:/winavr-20100110/bin/../lib/gcc/avr/4.9.2/../../../../avr/lib/avr5\libc.a(memset.o)
 .data          0x00000000        0x0 c:/winavr-20100110/bin/../lib/gcc/avr/4.9.2/../../../../avr/lib/avr5\libc.a(memset.o)
 .bss           0x00000000        0x0 c:/winavr-20100110/bin/../lib/gcc/avr/4.9.2/../../../../avr/lib/avr5\libc.a(memset.o)
 .text          0x00000000        0x0 c:/winavr-20100110/bin/../lib/gcc/avr/4.9.2/../../../../avr/lib/avr5\libc.a(strcpy.o)
 .data          0x00000000        0x0 c:/winavr-20100110/bin/../lib/gcc/avr/4.9.2/../../../../avr/lib/avr5\libc.a(strcpy.o)
 .bss           0x00000000        0x0 c:/winavr-20100110/bin/../lib/gcc/avr/4.9.2/../../../../avr/lib/avr5\libc.a(strcpy.o)
 .text          0x00000000        0x0 c:/winavr-20100110/bin/../lib/gcc/avr/4.9.2/../../../../avr/lib/avr5\libc.a(sprintf.o)
 .data          0x00000000        0x0 c:/winavr-20100110/bin/../lib/gcc/avr/4.9.2/../../../../avr/lib/avr5\libc.a(sprintf.o)
 .bss           0x00000000        0x0 c:/winavr-20100110/bin/../lib/gcc/avr/4.9.2/../../../../avr/lib/avr5\libc.a(sprintf.o)
 .text          0x00000000        0x0 c:/winavr-20100110/bin/../lib/gcc/avr/4.9.2/../../../../avr/lib/avr5\libc.a(vfprintf_std.o)
 .data          0x00000000        0x0 c:/winavr-20100110/bin/../lib/gcc/avr/4.9.2/../../../../avr/lib/avr5\libc.a(vfprintf_std.o)
 .bss           0x00000000        0x0 c:/winavr-20100110/bin/../lib/gcc/avr/4.9.2/../../../../avr/lib/avr5\libc.a(vfprintf_std.o)
 .text          0x00000000        0x0 c:/winavr-20100110/bin/../lib/gcc/avr/4.9.2/../../../../avr/lib/avr5\libc.a(strnlen_P.o)
 .data          0x00000000        0x0 c:/winavr-20100110/bin/../lib/gcc/avr/4.9.2/../../../../avr/lib/avr5\libc.a(strnlen_P.o)
 .bss           0x00000000        0x0 c:/winavr-20100110/bin/../lib/gcc/avr/4.9.2/../../../../avr/lib/avr5\libc.a(strnlen_P.o)
 .text          0x00000000        0x0 c:/winavr-20100110/bin/../lib/gcc/avr/4.9.2/../../../../avr/lib/avr5\libc.a(strnlen.o)
 .data          0x00000000        0x0 c:/winavr-20100110/bin/../lib/gcc/avr/4.9.2/../../../../avr/lib/avr5\libc.a(strnlen.o)
 .bss           0x00000000        0x0 c:/winavr-20100110/bin/../lib/gcc/avr/4.9.2/../../../../avr/lib/avr5\libc.a(strnlen.o)
 .text          0x00000000        0x0 c:/winavr-20100110/bin/../lib/gcc/avr/4.9.2/../../../../avr/lib/avr5\libc.a(fputc.o)
 .data          0x00000000        0x0 c:/winavr-20100110/bin/../lib/gcc/avr/4.9.2/../../../../avr/lib/avr5\libc.a(fputc.o)
 .bss           0x00000000        0x0 c:/winavr-20100110/bin/../lib/gcc/avr/4.9.2/../../../../avr/lib/avr5\libc.a(fputc.o)
 .text          0x00000000        0x0 c:/winavr-20100110/bin/../lib/gcc/avr/4.9.2/../../../../avr/lib/avr5\libc.a(ultoa_invert.o)
 .data          0x00000000        0x0 c:/winavr-20100110/bin/../lib/gcc/avr/4.9.2/../../../../avr/lib/avr5\libc.a(ultoa_invert.o)
 .bss           0x00000000        0x0 c:/winavr-20100110/bin/../lib/gcc/avr/4.9.2/../../../../avr/lib/avr5\libc.a(ultoa_invert.o)
 .text          0x00000000        0x0 c:/winavr-20100110/bin/../lib/gcc/avr/4.9.2/avr5\libgcc.a(_prologue.o)
 .data          0x00000000        0x0 c:/winavr-20100110/bin/../lib/gcc/avr/4.9.2/avr5\libgcc.a(_prologue.o)
 .bss           0x00000000        0x0 c:/winavr-20100110/bin/../lib/gcc/avr/4.9.2/avr5\libgcc.a(_prologue.o)
 .text.libgcc.mul
                0x00000000        0x0 c:/winavr-20100110/bin/../lib/gcc/avr/4.9.2/avr5\libgcc.a(_prologue.o)
 .text.libgcc.div
                0x00000000        0x0 c:/winavr-20100110/bin/../lib/gcc/avr/4.9.2/avr5\libgcc.a(_prologue.o)
 .text.libgcc   0x00000000        0x0 c:/winavr-20100110/bin/../lib/gcc/avr/4.9.2/avr5\libgcc.a(_prologue.o)
 .text.libgcc.builtins
                0x00000000        0x0 c:/winavr-20100110/bin/../lib/gcc/avr/4.9.2/avr5\libgcc.a(_prologue.o)
 .text.libgcc.fmul
                0x00000000        0x0 c:/winavr-20100110/bin/../lib/gcc/avr/4.9.2/avr5\libgcc.a(_prologue.o)
 .text.libgcc.fixed
                0x00000000        0x0 c:/winavr-20100110/bin/../lib/gcc/avr/4.9.2/avr5\libgcc.a(_prologue.o)
 .text          0x00000000        0x0 c:/winavr-20100110/bin/../lib/gcc/avr/4.9.2/avr5\libgcc.a(_epilogue.o)
 .data          0x00000000        0x0 c:/winavr-20100110/bin/../lib/gcc/avr/4.9.2/avr5\libgcc.a(_epilogue.o)
 .bss           0x00000000        0x0 c:/winavr-20100110/bin/../lib/gcc/avr/4.9.2/avr5\libgcc.a(_epilogue.o)
 .text.libgcc.mul
                0x00000000        0x0 c:/winavr-20100110/bin/../lib/gcc/avr/4.9.2/avr5\libgcc.a(_epilogue.o)
 .text.libgcc.div
                0x00000000        0x0 c:/winavr-20100110/bin/../lib/gcc/avr/4.9.2/avr5\libgcc.a(_epilogue.o)
 .text.libgcc   0x00000000        0x0 c:/winavr-20100110/bin/../lib/gcc/avr/4.9.2/avr5\libgcc.a(_epilogue.o)
 .text.libgcc.builtins
                0x00000000        0x0 c:/winavr-20100110/bin/../lib/gcc/avr/4.9.2/avr5\libgcc.a(_epilogue.o)
 .text.libgcc.fmul
                0x00000000        0x0 c:/winavr-20100110/bin/../lib/gcc/avr/4.9.2/avr5\libgcc.a(_epilogue.o)
 .text.libgcc.fixed
                0x00000000        0x0 c:/winavr-20100110/bin/../lib/gcc/avr/4.9.2/avr5\libgcc.a(_epilogue.o)

Memory Configuration

Name             Origin             Length             Attributes
text             0x00000000         0x00020000         xr
data             0x00800060         0x0000ffa0         rw !x
eeprom           0x00810000         0x00010000         rw !x
fuse             0x00820000         0x00000003         rw !x
lock             0x00830000         0x00000400         rw !x
signature        0x00840000         0x00000400         rw !x
user_signatures  0x00850000         0x00000400         rw !x
*default*        0x00000000         0xffffffff

Linker script and memory map

Address of section .data set to 0x800100
LOAD c:/winavr-20100110/bin/../lib/gcc/avr/4.9.2/../../../../avr/lib/avr5/crtatmega328p.o
LOAD display.o
LOAD fsm.o
LOAD keypad.o
LOAD main.o
LOAD relay.o
LOAD ultrasonic.o
LOAD i2chw/twimaster.o
LOAD lcdpcf8574/lcdpcf8574.o
LOAD pcf8574/pcf8574.o
LOAD uart/uart.o
LOAD FreeRTOS/croutine.o
LOAD FreeRTOS/event_groups.o
LOAD FreeRTOS/hooks.o
LOAD FreeRTOS/list.o
LOAD FreeRTOS/port.o
LOAD FreeRTOS/queue.o
LOAD FreeRTOS/stream_buffer.o
LOAD FreeRTOS/task.o
LOAD FreeRTOS/time.o
LOAD FreeRTOS/MemMang/heap_3.o
START GROUP
LOAD c:/winavr-20100110/bin/../lib/gcc/avr/4.9.2/avr5\libgcc.a
LOAD c:/winavr-20100110/bin/../lib/gcc/avr/4.9.2/../../../../avr/lib/avr5\libm.a
LOAD c:/winavr-20100110/bin/../lib/gcc/avr/4.9.2/../../../../avr/lib/avr5\libc.a
LOAD c:/winavr-20100110/bin/../lib/gcc/avr/4.9.2/../../../../avr/lib/avr5\libatmega328p.a
END GROUP
                0x00020000                __TEXT_REGION_LENGTH__ = DEFINED (__TEXT_REGION_LENGTH__)?__TEXT_REGION_LENGTH__:0x20000
                0x0000ffa0                __DATA_REGION_LENGTH__ = DEFINED (__DATA_REGION_LENGTH__)?__DATA_REGION_LENGTH__:0xffa0
                0x00010000                __EEPROM_REGION_LENGTH__ = DEFINED (__EEPROM_REGION_LENGTH__)?__EEPROM_REGION_LENGTH__:0x10000
                [0x00000003]                __FUSE_REGION_LENGTH__ = DEFINED (__FUSE_REGION_LENGTH__)?__FUSE_REGION_LENGTH__:0x400
                0x00000400                __LOCK_REGION_LENGTH__ = DEFINED (__LOCK_REGION_LENGTH__)?__LOCK_REGION_LENGTH__:0x400
                0x00000400                __SIGNATURE_REGION_LENGTH__ = DEFINED (__SIGNATURE_REGION_LENGTH__)?__SIGNATURE_REGION_LENGTH__:0x400
                0x00000400                __USER_SIGNATURE_REGION_LENGTH__ = DEFINED (__USER_SIGNATURE_REGION_LENGTH__)?__USER_SIGNATURE_REGION_LENGTH__:0x400

.hash
 *(.hash)

.dynsym
 *(.dynsym)

.dynstr
 *(.dynstr)

.gnu.version
 *(.gnu.version)

.gnu.version_d
 *(.gnu.version_d)

.gnu.version_r
 *(.gnu.version_r)

.rel.init
 *(.rel.init)

.rela.init
 *(.rela.init)

.rel.text
 *(.rel.text)
 *(.rel.text.*)
 *(.rel.gnu.linkonce.t*)

.rela.text
 *(.rela.text)
 *(.rela.text.*)
 *(.rela.gnu.linkonce.t*)

.rel.fini
 *(.rel.fini)

.rela.fini
 *(.rela.fini)

.rel.rodata
 *(.rel.rodata)
 *(.rel.rodata.*)
 *(.rel.gnu.linkonce.r*)

.rela.rodata
 *(.rela.rodata)
 *(.rela.rodata.*)
 *(.rela.gnu.linkonce.r*)

.rel.data
 *(.rel.data)
 *(.rel.data.*)
 *(.rel.gnu.linkonce.d*)

.rela.data
 *(.rela.data)
 *(.rela.data.*)
 *(.rela.gnu.linkonce.d*)

.rel.ctors
 *(.rel.ctors)

.rela.ctors
 *(.rela.ctors)

.rel.dtors
 *(.rel.dtors)

.rela.dtors
 *(.rela.dtors)

.rel.got
 *(.rel.got)

.rela.got
 *(.rela.got)

.rel.bss
 *(.rel.bss)

.rela.bss
 *(.rela.bss)

.rel.plt
 *(.rel.plt)

.rela.plt
 *(.rela.plt)

.text           0x00000000     0x35c4
 *(.vectors)
 .vectors       0x00000000       0x68 c:/winavr-20100110/bin/../lib/gcc/avr/4.9.2/../../../../avr/lib/avr5/crtatmega328p.o
                0x00000000                __vector_default
                0x00000000                __vectors
 *(.vectors)
 *(.progmem.gcc*)
 .progmem.gcc_sw_table.display_main
                0x00000068       0x18 display.o
 .progmem.gcc_sw_table.fsm
                0x00000080       0x24 fsm.o
 .progmem.gcc_sw_table.prvTimerTask
                0x000000a4       0x14 FreeRTOS/time.o
                0x000000b8                . = ALIGN (0x2)
                0x000000b8                __trampolines_start = .
 *(.trampolines)
 .trampolines   0x000000b8        0x0 linker stubs
 *(.trampolines*)
                0x000000b8                __trampolines_end = .
 *libprintf_flt.a:*(.progmem.data)
 *libc.a:*(.progmem.data)
 *(.progmem*)
                0x000000b8                . = ALIGN (0x2)
 *(.jumptables)
 *(.jumptables*)
 *(.lowtext)
 *(.lowtext*)
                0x000000b8                __ctors_start = .
 *(.ctors)
                0x000000b8                __ctors_end = .
                0x000000b8                __dtors_start = .
 *(.dtors)
                0x000000b8                __dtors_end = .
 SORT(*)(.ctors)
 SORT(*)(.dtors)
 *(.init0)
 .init0         0x000000b8        0x0 c:/winavr-20100110/bin/../lib/gcc/avr/4.9.2/../../../../avr/lib/avr5/crtatmega328p.o
                0x000000b8                __init
 *(.init0)
 *(.init1)
 *(.init1)
 *(.init2)
 .init2         0x000000b8        0xc c:/winavr-20100110/bin/../lib/gcc/avr/4.9.2/../../../../avr/lib/avr5/crtatmega328p.o
 *(.init2)
 *(.init3)
 *(.init3)
 *(.init4)
 .init4         0x000000c4       0x16 c:/winavr-20100110/bin/../lib/gcc/avr/4.9.2/avr5\libgcc.a(_copy_data.o)
                0x000000c4                __do_copy_data
 .init4         0x000000da       0x10 c:/winavr-20100110/bin/../lib/gcc/avr/4.9.2/avr5\libgcc.a(_clear_bss.o)
                0x000000da                __do_clear_bss
 *(.init4)
 *(.init5)
 *(.init5)
 *(.init6)
 *(.init6)
 *(.init7)
 *(.init7)
 *(.init8)
 *(.init8)
 *(.init9)
 .init9         0x000000ea        0x8 c:/winavr-20100110/bin/../lib/gcc/avr/4.9.2/../../../../avr/lib/avr5/crtatmega328p.o
 *(.init9)
 *(.text)
 .text          0x000000f2        0x4 c:/winavr-20100110/bin/../lib/gcc/avr/4.9.2/../../../../avr/lib/avr5/crtatmega328p.o
                0x000000f2                __vector_22
                0x000000f2                __vector_24
                0x000000f2                __vector_12
                0x000000f2                __bad_interrupt
                0x000000f2                __vector_3
                0x000000f2                __vector_23
                0x000000f2                __vector_25
                0x000000f2                __vector_13
                0x000000f2                __vector_17
                0x000000f2                __vector_7
                0x000000f2                __vector_5
                0x000000f2                __vector_4
                0x000000f2                __vector_9
                0x000000f2                __vector_2
                0x000000f2                __vector_21
                0x000000f2                __vector_15
                0x000000f2                __vector_8
                0x000000f2                __vector_14
                0x000000f2                __vector_10
                0x000000f2                __vector_20
                0x000000f6                . = ALIGN (0x2)
 *(.text.*)
 .text.display_main
                0x000000f6      0x1c6 display.o
                0x000000f6                display_main
 .text.display_menu_wkt_tgl
                0x000002bc       0x5e display.o
                0x000002bc                display_menu_wkt_tgl
 .text.display_ubah_waktu
                0x0000031a       0xc8 display.o
                0x0000031a                display_ubah_waktu
 .text.display_ubah_tanggal
                0x000003e2       0xe0 display.o
                0x000003e2                display_ubah_tanggal
 .text.display_prompt_waktu
                0x000004c2       0x90 display.o
                0x000004c2                display_prompt_waktu
 .text.display_prompt_tgl
                0x00000552       0x94 display.o
                0x00000552                display_prompt_tgl
 .text.fsm      0x000005e6      0x464 fsm.o
                0x000005e6                fsm
 .text.keymap   0x00000a4a       0x14 keypad.o
                0x00000a4a                keymap
 .text.DDRCol   0x00000a5e       0x2a keypad.o
                0x00000a5e                DDRCol
 .text.PORTCol  0x00000a88       0x2a keypad.o
                0x00000a88                PORTCol
 .text.GetKeyPressed
                0x00000ab2       0xdc keypad.o
                0x00000ab2                GetKeyPressed
 .text.TaskSonar
                0x00000b8e       0xc6 main.o
 .text.TaskKeypad
                0x00000c54       0x16 main.o
 .text.TaskDisplay
                0x00000c6a       0x4a main.o
 .text.__vector_11
                0x00000cb4      0x1d4 main.o
                0x00000cb4                __vector_11
 .text.__vector_16
                0x00000e88       0xa0 main.o
                0x00000e88                __vector_16
 .text.__vector_1
                0x00000f28       0xb8 main.o
                0x00000f28                __vector_1
 .text.startup.main
                0x00000fe0       0x6a main.o
                0x00000fe0                main
 .text.vApplicationStackOverflowHook
                0x0000104a        0x2 main.o
                0x0000104a                vApplicationStackOverflowHook
 .text.set_relay
                0x0000104c       0x12 relay.o
                0x0000104c                set_relay
 .text.i2c_init
                0x0000105e        0xc i2chw/twimaster.o
                0x0000105e                i2c_init
 .text.i2c_start
                0x0000106a       0x44 i2chw/twimaster.o
                0x0000106a                i2c_start
 .text.i2c_stop
                0x000010ae       0x10 i2chw/twimaster.o
                0x000010ae                i2c_stop
 .text.i2c_write
                0x000010be       0x22 i2chw/twimaster.o
                0x000010be                i2c_write
 .text.toggle_e
                0x000010e0       0x12 lcdpcf8574/lcdpcf8574.o
 .text.lcd_write
                0x000010f2      0x13a lcdpcf8574/lcdpcf8574.o
 .text.lcd_read.constprop.0
                0x0000122c       0x66 lcdpcf8574/lcdpcf8574.o
 .text.lcd_waitbusy
                0x00001292       0x14 lcdpcf8574/lcdpcf8574.o
 .text.lcd_command
                0x000012a6       0x12 lcdpcf8574/lcdpcf8574.o
                0x000012a6                lcd_command
 .text.lcd_gotoxy
                0x000012b8        0xe lcdpcf8574/lcdpcf8574.o
                0x000012b8                lcd_gotoxy
 .text.lcd_clrscr
                0x000012c6        0x6 lcdpcf8574/lcdpcf8574.o
                0x000012c6                lcd_clrscr
 .text.lcd_led  0x000012cc       0x20 lcdpcf8574/lcdpcf8574.o
                0x000012cc                lcd_led
 .text.lcd_home
                0x000012ec        0x6 lcdpcf8574/lcdpcf8574.o
                0x000012ec                lcd_home
 .text.lcd_putc
                0x000012f2       0x28 lcdpcf8574/lcdpcf8574.o
                0x000012f2                lcd_putc
 .text.lcd_puts
                0x0000131a       0x18 lcdpcf8574/lcdpcf8574.o
                0x0000131a                lcd_puts
 .text.lcd_init
                0x00001332       0xa2 lcdpcf8574/lcdpcf8574.o
                0x00001332                lcd_init
 .text.pcf8574_init
                0x000013d4       0x22 pcf8574/pcf8574.o
                0x000013d4                pcf8574_init
 .text.pcf8574_getoutputpin
                0x000013f6       0x2a pcf8574/pcf8574.o
                0x000013f6                pcf8574_getoutputpin
 .text.pcf8574_setoutput
                0x00001420       0x32 pcf8574/pcf8574.o
                0x00001420                pcf8574_setoutput
 .text.pcf8574_setoutputpin
                0x00001452       0x52 pcf8574/pcf8574.o
                0x00001452                pcf8574_setoutputpin
 .text.pcf8574_setoutputpinhigh
                0x000014a4        0x6 pcf8574/pcf8574.o
                0x000014a4                pcf8574_setoutputpinhigh
 .text.pcf8574_setoutputpinlow
                0x000014aa        0x6 pcf8574/pcf8574.o
                0x000014aa                pcf8574_setoutputpinlow
 .text.__vector_18
                0x000014b0       0x56 uart/uart.o
                0x000014b0                __vector_18
 .text.__vector_19
                0x00001506       0x54 uart/uart.o
                0x00001506                __vector_19
 .text.uart_init
                0x0000155a       0x32 uart/uart.o
                0x0000155a                uart_init
 .text.uart_putc
                0x0000158c       0x2a uart/uart.o
                0x0000158c                uart_putc
 .text.uart_puts
                0x000015b6       0x18 uart/uart.o
                0x000015b6                uart_puts
 .text.vApplicationIdleHook
                0x000015ce       0x38 FreeRTOS/hooks.o
                0x000015ce                vApplicationIdleHook
 .text.vApplicationMallocFailedHook
                0x00001606       0x1a FreeRTOS/hooks.o
                0x00001606                vApplicationMallocFailedHook
 .text.hot.vListInitialise
                0x00001620       0x1c FreeRTOS/list.o
                0x00001620                vListInitialise
 .text.hot.vListInitialiseItem
                0x0000163c        0x8 FreeRTOS/list.o
                0x0000163c                vListInitialiseItem
 .text.hot.vListInsertEnd
                0x00001644       0x42 FreeRTOS/list.o
                0x00001644                vListInsertEnd
 .text.hot.vListInsert
                0x00001686       0x70 FreeRTOS/list.o
                0x00001686                vListInsert
 .text.hot.uxListRemove
                0x000016f6       0x48 FreeRTOS/list.o
                0x000016f6                uxListRemove
 .text.hot.pxPortInitialiseStack
                0x0000173e       0xd8 FreeRTOS/port.o
                0x0000173e                pxPortInitialiseStack
 .text.hot.xPortStartScheduler
                0x00001816       0x72 FreeRTOS/port.o
                0x00001816                xPortStartScheduler
 .text.hot.vPortYield
                0x00001888       0xb2 FreeRTOS/port.o
                0x00001888                vPortYield
 .text.hot.vPortYieldFromTick
                0x0000193a       0xba FreeRTOS/port.o
                0x0000193a                vPortYieldFromTick
 .text.hot.__vector_6
                0x000019f4        0x6 FreeRTOS/port.o
                0x000019f4                __vector_6
 .text.hot.prvIsQueueEmpty
                0x000019fa       0x16 FreeRTOS/queue.o
 .text.hot.prvCopyDataToQueue
                0x00001a10       0xaa FreeRTOS/queue.o
 .text.hot.prvCopyDataFromQueue
                0x00001aba       0x34 FreeRTOS/queue.o
 .text.hot.prvUnlockQueue
                0x00001aee       0x7c FreeRTOS/queue.o
 .text.hot.xQueueGenericReset
                0x00001b6a       0x74 FreeRTOS/queue.o
                0x00001b6a                xQueueGenericReset
 .text.hot.xQueueGenericCreate
                0x00001bde       0x64 FreeRTOS/queue.o
                0x00001bde                xQueueGenericCreate
 .text.hot.xQueueGenericSend
                0x00001c42      0x12c FreeRTOS/queue.o
                0x00001c42                xQueueGenericSend
 .text.hot.xQueueGenericSendFromISR
                0x00001d6e       0x5e FreeRTOS/queue.o
                0x00001d6e                xQueueGenericSendFromISR
 .text.hot.xQueueReceive
                0x00001dcc      0x124 FreeRTOS/queue.o
                0x00001dcc                xQueueReceive
 .text.hot.vQueueWaitForMessageRestricted
                0x00001ef0       0x38 FreeRTOS/queue.o
                0x00001ef0                vQueueWaitForMessageRestricted
 .text.prvResetNextTaskUnblockTime
                0x00001f28       0x36 FreeRTOS/task.o
 .text.hot.prvAddCurrentTaskToDelayedList
                0x00001f5e       0xce FreeRTOS/task.o
 .text.prvIdleTask
                0x0000202c       0x5c FreeRTOS/task.o
 .text.hot.xTaskCreate
                0x00002088      0x20e FreeRTOS/task.o
                0x00002088                xTaskCreate
 .text.hot.vTaskStartScheduler
                0x00002296       0x5c FreeRTOS/task.o
                0x00002296                vTaskStartScheduler
 .text.hot.vTaskSuspendAll
                0x000022f2        0xc FreeRTOS/task.o
                0x000022f2                vTaskSuspendAll
 .text.hot.xTaskGetTickCount
                0x000022fe       0x14 FreeRTOS/task.o
                0x000022fe                xTaskGetTickCount
 .text.hot.xTaskIncrementTick
                0x00002312      0x158 FreeRTOS/task.o
                0x00002312                xTaskIncrementTick
 .text.hot.xTaskResumeAll
                0x0000246a       0xde FreeRTOS/task.o
                0x0000246a                xTaskResumeAll
 .text.hot.vTaskDelayUntil
                0x00002548       0x70 FreeRTOS/task.o
                0x00002548                vTaskDelayUntil
 .text.hot.vTaskDelay
                0x000025b8       0x38 FreeRTOS/task.o
                0x000025b8                vTaskDelay
 .text.hot.vTaskSwitchContext
                0x000025f0       0xbc FreeRTOS/task.o
                0x000025f0                vTaskSwitchContext
 .text.hot.vTaskPlaceOnEventList
                0x000026ac       0x24 FreeRTOS/task.o
                0x000026ac                vTaskPlaceOnEventList
 .text.hot.vTaskPlaceOnEventListRestricted
                0x000026d0       0x40 FreeRTOS/task.o
                0x000026d0                vTaskPlaceOnEventListRestricted
 .text.hot.xTaskRemoveFromEventList
                0x00002710       0x80 FreeRTOS/task.o
                0x00002710                xTaskRemoveFromEventList
 .text.hot.vTaskInternalSetTimeOutState
                0x00002790       0x16 FreeRTOS/task.o
                0x00002790                vTaskInternalSetTimeOutState
 .text.hot.xTaskCheckForTimeOut
                0x000027a6       0x6c FreeRTOS/task.o
                0x000027a6                xTaskCheckForTimeOut
 .text.hot.vTaskMissedYield
                0x00002812        0x8 FreeRTOS/task.o
                0x00002812                vTaskMissedYield
 .text.hot.xTaskGetSchedulerState
                0x0000281a       0x1c FreeRTOS/task.o
                0x0000281a                xTaskGetSchedulerState
 .text.hot.xTaskPriorityDisinherit
                0x00002836       0x74 FreeRTOS/task.o
                0x00002836                xTaskPriorityDisinherit
 .text.hot.prvCheckForValidListAndQueue
                0x000028aa       0x52 FreeRTOS/time.o
 .text.hot.prvInsertTimerInActiveList
                0x000028fc       0x54 FreeRTOS/time.o
 .text.hot.xTimerCreateTimerTask
                0x00002950       0x40 FreeRTOS/time.o
                0x00002950                xTimerCreateTimerTask
 .text.hot.xTimerGenericCommand
                0x00002990       0x7e FreeRTOS/time.o
                0x00002990                xTimerGenericCommand
 .text.hot.prvSwitchTimerLists
                0x00002a0e       0xa2 FreeRTOS/time.o
 .text.hot.prvTimerTask
                0x00002ab0      0x200 FreeRTOS/time.o
 .text.hot.pvPortMalloc
                0x00002cb0       0x3e FreeRTOS/MemMang/heap_3.o
                0x00002cb0                pvPortMalloc
 .text.hot.vPortFree
                0x00002cee       0x22 FreeRTOS/MemMang/heap_3.o
                0x00002cee                vPortFree
 .text.libgcc.div
                0x00002d10       0x28 c:/winavr-20100110/bin/../lib/gcc/avr/4.9.2/avr5\libgcc.a(_udivmodhi4.o)
                0x00002d10                __udivmodhi4
 .text.libgcc.div
                0x00002d38       0x44 c:/winavr-20100110/bin/../lib/gcc/avr/4.9.2/avr5\libgcc.a(_udivmodsi4.o)
                0x00002d38                __udivmodsi4
 .text.libgcc   0x00002d7c        0xc c:/winavr-20100110/bin/../lib/gcc/avr/4.9.2/avr5\libgcc.a(_tablejump2.o)
                0x00002d7c                __tablejump2__
 .text.avr-libc
                0x00002d88      0x25a c:/winavr-20100110/bin/../lib/gcc/avr/4.9.2/../../../../avr/lib/avr5\libc.a(malloc.o)
                0x00002d88                malloc
                0x00002eb2                free
 .text.avr-libc
                0x00002fe2       0x12 c:/winavr-20100110/bin/../lib/gcc/avr/4.9.2/../../../../avr/lib/avr5\libc.a(memcpy.o)
                0x00002fe2                memcpy
 .text.avr-libc
                0x00002ff4        0xe c:/winavr-20100110/bin/../lib/gcc/avr/4.9.2/../../../../avr/lib/avr5\libc.a(memset.o)
                0x00002ff4                memset
 .text.avr-libc
                0x00003002        0xe c:/winavr-20100110/bin/../lib/gcc/avr/4.9.2/../../../../avr/lib/avr5\libc.a(strcpy.o)
                0x00003002                strcpy
 .text.avr-libc
                0x00003010       0x46 c:/winavr-20100110/bin/../lib/gcc/avr/4.9.2/../../../../avr/lib/avr5\libc.a(sprintf.o)
                0x00003010                sprintf
 .text.avr-libc
                0x00003056      0x3a4 c:/winavr-20100110/bin/../lib/gcc/avr/4.9.2/../../../../avr/lib/avr5\libc.a(vfprintf_std.o)
                0x00003056                vfprintf
 .text.avr-libc
                0x000033fa       0x16 c:/winavr-20100110/bin/../lib/gcc/avr/4.9.2/../../../../avr/lib/avr5\libc.a(strnlen_P.o)
                0x000033fa                strnlen_P
 .text.avr-libc
                0x00003410       0x16 c:/winavr-20100110/bin/../lib/gcc/avr/4.9.2/../../../../avr/lib/avr5\libc.a(strnlen.o)
                0x00003410                strnlen
 .text.avr-libc
                0x00003426       0x70 c:/winavr-20100110/bin/../lib/gcc/avr/4.9.2/../../../../avr/lib/avr5\libc.a(fputc.o)
                0x00003426                fputc
 .text.avr-libc
                0x00003496       0xbc c:/winavr-20100110/bin/../lib/gcc/avr/4.9.2/../../../../avr/lib/avr5\libc.a(ultoa_invert.o)
                0x00003496                __ultoa_invert
 .text.libgcc.prologue
                0x00003552       0x38 c:/winavr-20100110/bin/../lib/gcc/avr/4.9.2/avr5\libgcc.a(_prologue.o)
                0x00003552                __prologue_saves__
 .text.libgcc.prologue
                0x0000358a       0x36 c:/winavr-20100110/bin/../lib/gcc/avr/4.9.2/avr5\libgcc.a(_epilogue.o)
                0x0000358a                __epilogue_restores__
                0x000035c0                . = ALIGN (0x2)
 *(.fini9)
 .fini9         0x000035c0        0x0 c:/winavr-20100110/bin/../lib/gcc/avr/4.9.2/avr5\libgcc.a(_exit.o)
                0x000035c0                _exit
                0x000035c0                exit
 *(.fini9)
 *(.fini8)
 *(.fini8)
 *(.fini7)
 *(.fini7)
 *(.fini6)
 *(.fini6)
 *(.fini5)
 *(.fini5)
 *(.fini4)
 *(.fini4)
 *(.fini3)
 *(.fini3)
 *(.fini2)
 *(.fini2)
 *(.fini1)
 *(.fini1)
 *(.fini0)
 .fini0         0x000035c0        0x4 c:/winavr-20100110/bin/../lib/gcc/avr/4.9.2/avr5\libgcc.a(_exit.o)
 *(.fini0)
                0x000035c4                _etext = .

.data           0x00800100      0x186 load address 0x000035c4
                0x00800100                PROVIDE (__data_start, .)
 *(.data)
 .data          0x00800100        0x6 c:/winavr-20100110/bin/../lib/gcc/avr/4.9.2/../../../../avr/lib/avr5\libc.a(malloc.o)
                0x00800100                __malloc_heap_end
                0x00800102                __malloc_heap_start
                0x00800104                __malloc_margin
 *(.data*)
 .data.relay    0x00800106        0x1 main.o
                0x00800106                relay
 .data.day      0x00800107        0x1 main.o
                0x00800107                day
 .data.month    0x00800108        0x1 main.o
                0x00800108                month
 .data.year     0x00800109        0x2 main.o
                0x00800109                year
 *(.rodata)
 .rodata        0x0080010b       0x4b display.o
 *(.rodata*)
 .rodata.str1.1
                0x00800156       0xeb display.o
 .rodata.CSWTCH.4
                0x00800241       0x10 keypad.o
 .rodata.str1.1
                0x00800251       0x28 main.o
 .rodata.str1.1
                0x00800279        0x5 FreeRTOS/task.o
 .rodata.str1.1
                0x0080027e        0x8 FreeRTOS/time.o
 *(.gnu.linkonce.d*)
                0x00800286                . = ALIGN (0x2)
                0x00800286                _edata = .
                0x00800286                PROVIDE (__data_end, .)

.bss            0x00800286       0xfc
                0x00800286                PROVIDE (__bss_start, .)
 *(.bss)
 *(.bss*)
 .bss.state_var
                0x00800286        0x1 fsm.o
                0x00800286                state_var
 .bss.timerCounter
                0x00800287        0x4 main.o
                0x00800287                timerCounter
 .bss.running   0x0080028b        0x1 main.o
                0x0080028b                running
 .bss.up        0x0080028c        0x1 main.o
                0x0080028c                up
 .bss.relay_mode
                0x0080028d        0x1 main.o
                0x0080028d                relay_mode
 .bss.height    0x0080028e        0x4 main.o
                0x0080028e                height
 .bss.rate      0x00800292        0x1 main.o
                0x00800292                rate
 .bss.second    0x00800293        0x1 main.o
                0x00800293                second
 .bss.minute    0x00800294        0x1 main.o
                0x00800294                minute
 .bss.hour      0x00800295        0x1 main.o
                0x00800295                hour
 .bss.dataport  0x00800296        0x1 lcdpcf8574/lcdpcf8574.o
                0x00800296                dataport
 .bss.UART_LastRxError
                0x00800297        0x1 uart/uart.o
 .bss.UART_RxTail
                0x00800298        0x1 uart/uart.o
 .bss.UART_RxHead
                0x00800299        0x1 uart/uart.o
 .bss.UART_TxTail
                0x0080029a        0x1 uart/uart.o
 .bss.UART_TxHead
                0x0080029b        0x1 uart/uart.o
 .bss.UART_RxBuf
                0x0080029c       0x20 uart/uart.o
 .bss.UART_TxBuf
                0x008002bc       0x20 uart/uart.o
 .bss.uxSchedulerSuspended
                0x008002dc        0x1 FreeRTOS/task.o
 .bss.xIdleTaskHandle
                0x008002dd        0x2 FreeRTOS/task.o
 .bss.xNextTaskUnblockTime
                0x008002df        0x2 FreeRTOS/task.o
 .bss.uxTaskNumber
                0x008002e1        0x1 FreeRTOS/task.o
 .bss.xNumOfOverflows
                0x008002e2        0x1 FreeRTOS/task.o
 .bss.xYieldPending
                0x008002e3        0x1 FreeRTOS/task.o
 .bss.uxPendedTicks
                0x008002e4        0x1 FreeRTOS/task.o
 .bss.xSchedulerRunning
                0x008002e5        0x1 FreeRTOS/task.o
 .bss.uxTopReadyPriority
                0x008002e6        0x1 FreeRTOS/task.o
 .bss.xTickCount
                0x008002e7        0x2 FreeRTOS/task.o
 .bss.uxCurrentNumberOfTasks
                0x008002e9        0x1 FreeRTOS/task.o
 .bss.xSuspendedTaskList
                0x008002ea        0x9 FreeRTOS/task.o
 .bss.uxDeletedTasksWaitingCleanUp
                0x008002f3        0x1 FreeRTOS/task.o
 .bss.xTasksWaitingTermination
                0x008002f4        0x9 FreeRTOS/task.o
 .bss.xPendingReadyList
                0x008002fd        0x9 FreeRTOS/task.o
 .bss.pxOverflowDelayedTaskList
                0x00800306        0x2 FreeRTOS/task.o
 .bss.pxDelayedTaskList
                0x00800308        0x2 FreeRTOS/task.o
 .bss.xDelayedTaskList2
                0x0080030a        0x9 FreeRTOS/task.o
 .bss.xDelayedTaskList1
                0x00800313        0x9 FreeRTOS/task.o
 .bss.pxReadyTasksLists
                0x0080031c       0x24 FreeRTOS/task.o
 .bss.pxCurrentTCB
                0x00800340        0x2 FreeRTOS/task.o
                0x00800340                pxCurrentTCB
 .bss.xLastTime.2253
                0x00800342        0x2 FreeRTOS/time.o
 .bss.xTimerTaskHandle
                0x00800344        0x2 FreeRTOS/time.o
 .bss.xTimerQueue
                0x00800346        0x2 FreeRTOS/time.o
 .bss.pxOverflowTimerList
                0x00800348        0x2 FreeRTOS/time.o
 .bss.pxCurrentTimerList
                0x0080034a        0x2 FreeRTOS/time.o
 .bss.xActiveTimerList2
                0x0080034c        0x9 FreeRTOS/time.o
 .bss.xActiveTimerList1
                0x00800355        0x9 FreeRTOS/time.o
 *(COMMON)
 COMMON         0x0080035e       0x18 main.o
                0x0080035e                sc_t1
                0x0080035f                dy_t1
                0x00800360                mn_t0
                0x00800361                hr_t0
                0x00800363                yr_t0
                0x00800365                delay_T1
                0x00800367                mt_t1
                0x00800368                mn_t1
                0x00800369                yr_t1
                0x0080036b                key
                0x0080036c                hr_t1
                0x0080036e                count
                0x0080036f                yr_t3
                0x00800371                sc_t0
                0x00800372                dy_t0
                0x00800373                mt_t0
                0x00800374                yr_t2
 COMMON         0x00800376        0x8 lcdpcf8574/lcdpcf8574.o
                0x00800376                pcf8574_pinstatus
 COMMON         0x0080037e        0x4 c:/winavr-20100110/bin/../lib/gcc/avr/4.9.2/../../../../avr/lib/avr5\libc.a(malloc.o)
                0x0080037e                __brkval
                0x00800380                __flp
                0x00800382                PROVIDE (__bss_end, .)
                0x000035c4                __data_load_start = LOADADDR (.data)
                0x0000374a                __data_load_end = (__data_load_start + SIZEOF (.data))

.noinit         0x00800382        0x0
                [!provide]                PROVIDE (__noinit_start, .)
 *(.noinit*)
                [!provide]                PROVIDE (__noinit_end, .)
                0x00800382                _end = .
                0x00800382                PROVIDE (__heap_start, .)

.eeprom         0x00810000        0x0
 *(.eeprom*)
                0x00810000                __eeprom_end = .

.fuse
 *(.fuse)
 *(.lfuse)
 *(.hfuse)
 *(.efuse)

.lock
 *(.lock*)

.signature
 *(.signature*)

.user_signatures
 *(.user_signatures*)

.stab
 *(.stab)

.stabstr
 *(.stabstr)

.stab.excl
 *(.stab.excl)

.stab.exclstr
 *(.stab.exclstr)

.stab.index
 *(.stab.index)

.stab.indexstr
 *(.stab.indexstr)

.comment        0x00000000       0x5c
 *(.comment)
 .comment       0x00000000       0x30 display.o
                                 0x31 (size before relaxing)
 .comment       0x00000030       0x31 fsm.o
 .comment       0x00000030       0x31 keypad.o
 .comment       0x00000030       0x31 main.o
 .comment       0x00000030       0x31 relay.o
 .comment       0x00000030       0x31 i2chw/twimaster.o
 .comment       0x00000030       0x31 lcdpcf8574/lcdpcf8574.o
 .comment       0x00000030       0x31 pcf8574/pcf8574.o
 .comment       0x00000030       0x31 uart/uart.o
 .comment       0x00000030       0x31 FreeRTOS/hooks.o
 .comment       0x00000030       0x31 FreeRTOS/list.o
 .comment       0x00000030       0x31 FreeRTOS/port.o
 .comment       0x00000030       0x31 FreeRTOS/queue.o
 .comment       0x00000030       0x31 FreeRTOS/task.o
 .comment       0x00000030       0x31 FreeRTOS/time.o
 .comment       0x00000030       0x31 FreeRTOS/MemMang/heap_3.o
 .comment       0x00000030       0x31 c:/winavr-20100110/bin/../lib/gcc/avr/4.9.2/../../../../avr/lib/avr5\libc.a(malloc.o)
 .comment       0x00000030       0x31 c:/winavr-20100110/bin/../lib/gcc/avr/4.9.2/../../../../avr/lib/avr5\libc.a(sprintf.o)
 .comment       0x00000030       0x2c c:/winavr-20100110/bin/../lib/gcc/avr/4.9.2/../../../../avr/lib/avr5\libc.a(vfprintf_std.o)
                                 0x2d (size before relaxing)
 .comment       0x0000005c       0x31 c:/winavr-20100110/bin/../lib/gcc/avr/4.9.2/../../../../avr/lib/avr5\libc.a(fputc.o)

.note.gnu.avr.deviceinfo
                0x00000000       0x40
 .note.gnu.avr.deviceinfo
                0x00000000       0x40 c:/winavr-20100110/bin/../lib/gcc/avr/4.9.2/../../../../avr/lib/avr5/crtatmega328p.o

.note.gnu.build-id
 *(.note.gnu.build-id)

.debug
 *(.debug)

.line
 *(.line)

.debug_srcinfo
 *(.debug_srcinfo)

.debug_sfnames
 *(.debug_sfnames)

.debug_aranges  0x00000000      0x688
 *(.debug_aranges)
 .debug_aranges
                0x00000000       0x48 display.o
 .debug_aranges
                0x00000048       0x20 fsm.o
 .debug_aranges
                0x00000068       0x38 keypad.o
 .debug_aranges
                0x000000a0       0x58 main.o
 .debug_aranges
                0x000000f8       0x20 relay.o
 .debug_aranges
                0x00000118       0x58 i2chw/twimaster.o
 .debug_aranges
                0x00000170       0x90 lcdpcf8574/lcdpcf8574.o
 .debug_aranges
                0x00000200       0x68 pcf8574/pcf8574.o
 .debug_aranges
                0x00000268       0x50 uart/uart.o
 .debug_aranges
                0x000002b8       0x30 FreeRTOS/hooks.o
 .debug_aranges
                0x000002e8       0x40 FreeRTOS/list.o
 .debug_aranges
                0x00000328       0x48 FreeRTOS/port.o
 .debug_aranges
                0x00000370       0xe0 FreeRTOS/queue.o
 .debug_aranges
                0x00000450      0x188 FreeRTOS/task.o
 .debug_aranges
                0x000005d8       0x88 FreeRTOS/time.o
 .debug_aranges
                0x00000660       0x28 FreeRTOS/MemMang/heap_3.o

.debug_pubnames
 *(.debug_pubnames)

.debug_info     0x00000000     0x832c
 *(.debug_info .gnu.linkonce.wi.*)
 .debug_info    0x00000000      0x5f4 c:/winavr-20100110/bin/../lib/gcc/avr/4.9.2/../../../../avr/lib/avr5/crtatmega328p.o
 .debug_info    0x000005f4      0x7a5 display.o
 .debug_info    0x00000d99      0x3f0 fsm.o
 .debug_info    0x00001189      0x2bb keypad.o
 .debug_info    0x00001444      0x8f3 main.o
 .debug_info    0x00001d37       0xa2 relay.o
 .debug_info    0x00001dd9      0x1f7 i2chw/twimaster.o
 .debug_info    0x00001fd0      0x805 lcdpcf8574/lcdpcf8574.o
 .debug_info    0x000027d5      0x558 pcf8574/pcf8574.o
 .debug_info    0x00002d2d      0x2f8 uart/uart.o
 .debug_info    0x00003025      0x1d9 FreeRTOS/hooks.o
 .debug_info    0x000031fe      0x2cc FreeRTOS/list.o
 .debug_info    0x000034ca      0x249 FreeRTOS/port.o
 .debug_info    0x00003713     0x182a FreeRTOS/queue.o
 .debug_info    0x00004f3d     0x2148 FreeRTOS/task.o
 .debug_info    0x00007085     0x1103 FreeRTOS/time.o
 .debug_info    0x00008188      0x1a4 FreeRTOS/MemMang/heap_3.o

.debug_abbrev   0x00000000     0x22ce
 *(.debug_abbrev)
 .debug_abbrev  0x00000000      0x5a2 c:/winavr-20100110/bin/../lib/gcc/avr/4.9.2/../../../../avr/lib/avr5/crtatmega328p.o
 .debug_abbrev  0x000005a2      0x153 display.o
 .debug_abbrev  0x000006f5      0x10a fsm.o
 .debug_abbrev  0x000007ff      0x12c keypad.o
 .debug_abbrev  0x0000092b      0x2dd main.o
 .debug_abbrev  0x00000c08       0x72 relay.o
 .debug_abbrev  0x00000c7a      0x14d i2chw/twimaster.o
 .debug_abbrev  0x00000dc7      0x2df lcdpcf8574/lcdpcf8574.o
 .debug_abbrev  0x000010a6      0x1f0 pcf8574/pcf8574.o
 .debug_abbrev  0x00001296      0x13c uart/uart.o
 .debug_abbrev  0x000013d2       0xf0 FreeRTOS/hooks.o
 .debug_abbrev  0x000014c2       0xff FreeRTOS/list.o
 .debug_abbrev  0x000015c1      0x14b FreeRTOS/port.o
 .debug_abbrev  0x0000170c      0x36a FreeRTOS/queue.o
 .debug_abbrev  0x00001a76      0x3dc FreeRTOS/task.o
 .debug_abbrev  0x00001e52      0x33a FreeRTOS/time.o
 .debug_abbrev  0x0000218c      0x142 FreeRTOS/MemMang/heap_3.o

.debug_line     0x00000000     0x41da
 *(.debug_line .debug_line.* .debug_line_end)
 .debug_line    0x00000000       0x1a c:/winavr-20100110/bin/../lib/gcc/avr/4.9.2/../../../../avr/lib/avr5/crtatmega328p.o
 .debug_line    0x0000001a      0x277 display.o
 .debug_line    0x00000291      0x3ae fsm.o
 .debug_line    0x0000063f      0x239 keypad.o
 .debug_line    0x00000878      0x4ab main.o
 .debug_line    0x00000d23       0x76 relay.o
 .debug_line    0x00000d99      0x238 i2chw/twimaster.o
 .debug_line    0x00000fd1      0x4a2 lcdpcf8574/lcdpcf8574.o
 .debug_line    0x00001473      0x344 pcf8574/pcf8574.o
 .debug_line    0x000017b7      0x1dd uart/uart.o
 .debug_line    0x00001994      0x16d FreeRTOS/hooks.o
 .debug_line    0x00001b01      0x1b3 FreeRTOS/list.o
 .debug_line    0x00001cb4      0x289 FreeRTOS/port.o
 .debug_line    0x00001f3d      0xad7 FreeRTOS/queue.o
 .debug_line    0x00002a14     0x11c6 FreeRTOS/task.o
 .debug_line    0x00003bda      0x4c7 FreeRTOS/time.o
 .debug_line    0x000040a1      0x139 FreeRTOS/MemMang/heap_3.o

.debug_frame    0x00000000     0x13a8
 *(.debug_frame)
 .debug_frame   0x00000000      0x164 display.o
 .debug_frame   0x00000164       0x60 fsm.o
 .debug_frame   0x000001c4       0x78 keypad.o
 .debug_frame   0x0000023c      0x150 main.o
 .debug_frame   0x0000038c       0x24 relay.o
 .debug_frame   0x000003b0       0x94 i2chw/twimaster.o
 .debug_frame   0x00000444      0x154 lcdpcf8574/lcdpcf8574.o
 .debug_frame   0x00000598       0xe8 pcf8574/pcf8574.o
 .debug_frame   0x00000680       0xe0 uart/uart.o
 .debug_frame   0x00000760       0x44 FreeRTOS/hooks.o
 .debug_frame   0x000007a4       0x90 FreeRTOS/list.o
 .debug_frame   0x00000834       0x74 FreeRTOS/port.o
 .debug_frame   0x000008a8      0x378 FreeRTOS/queue.o
 .debug_frame   0x00000c20      0x5a4 FreeRTOS/task.o
 .debug_frame   0x000011c4      0x188 FreeRTOS/time.o
 .debug_frame   0x0000134c       0x5c FreeRTOS/MemMang/heap_3.o

.debug_str      0x00000000     0x2099
 *(.debug_str)
 .debug_str     0x00000000      0x208 c:/winavr-20100110/bin/../lib/gcc/avr/4.9.2/../../../../avr/lib/avr5/crtatmega328p.o
 .debug_str     0x00000208      0x273 display.o
                                0x2c4 (size before relaxing)
 .debug_str     0x0000047b      0x11f fsm.o
                                0x38d (size before relaxing)
 .debug_str     0x0000059a       0x82 keypad.o
                                0x1e0 (size before relaxing)
 .debug_str     0x0000061c      0x175 main.o
                                0x3f9 (size before relaxing)
 .debug_str     0x00000791        0x8 relay.o
                                0x162 (size before relaxing)
 .debug_str     0x00000799       0x7a i2chw/twimaster.o
                                0x1c9 (size before relaxing)
 .debug_str     0x00000813      0x15e lcdpcf8574/lcdpcf8574.o
                                0x2f9 (size before relaxing)
 .debug_str     0x00000971       0x95 pcf8574/pcf8574.o
                                0x2e8 (size before relaxing)
 .debug_str     0x00000a06       0xc0 uart/uart.o
                                0x256 (size before relaxing)
 .debug_str     0x00000ac6       0x5a FreeRTOS/hooks.o
                                0x233 (size before relaxing)
 .debug_str     0x00000b20      0x12d FreeRTOS/list.o
                                0x2a3 (size before relaxing)
 .debug_str     0x00000c4d       0xf1 FreeRTOS/port.o
                                0x279 (size before relaxing)
 .debug_str     0x00000d3e      0x673 FreeRTOS/queue.o
                                0x8ef (size before relaxing)
 .debug_str     0x000013b1      0x8b3 FreeRTOS/task.o
                                0xe74 (size before relaxing)
 .debug_str     0x00001c64      0x403 FreeRTOS/time.o
                                0x7f0 (size before relaxing)
 .debug_str     0x00002067       0x32 FreeRTOS/MemMang/heap_3.o
                                0x1f0 (size before relaxing)

.debug_loc      0x00000000     0x6dc7
 *(.debug_loc)
 .debug_loc     0x00000000      0x4dd display.o
 .debug_loc     0x000004dd      0x307 fsm.o
 .debug_loc     0x000007e4      0x2c6 keypad.o
 .debug_loc     0x00000aaa      0x369 main.o
 .debug_loc     0x00000e13       0x28 relay.o
 .debug_loc     0x00000e3b      0x120 i2chw/twimaster.o
 .debug_loc     0x00000f5b      0x53c lcdpcf8574/lcdpcf8574.o
 .debug_loc     0x00001497      0x63d pcf8574/pcf8574.o
 .debug_loc     0x00001ad4      0x32d uart/uart.o
 .debug_loc     0x00001e01       0x26 FreeRTOS/hooks.o
 .debug_loc     0x00001e27      0x1d7 FreeRTOS/list.o
 .debug_loc     0x00001ffe      0x274 FreeRTOS/port.o
 .debug_loc     0x00002272     0x1a9f FreeRTOS/queue.o
 .debug_loc     0x00003d11     0x24ea FreeRTOS/task.o
 .debug_loc     0x000061fb      0xaa7 FreeRTOS/time.o
 .debug_loc     0x00006ca2      0x125 FreeRTOS/MemMang/heap_3.o

.debug_macinfo
 *(.debug_macinfo)

.debug_weaknames
 *(.debug_weaknames)

.debug_funcnames
 *(.debug_funcnames)

.debug_typenames
 *(.debug_typenames)

.debug_varnames
 *(.debug_varnames)

.debug_pubtypes
 *(.debug_pubtypes)

.debug_ranges   0x00000000      0x618
 *(.debug_ranges)
 .debug_ranges  0x00000000       0x38 display.o
 .debug_ranges  0x00000038       0x10 fsm.o
 .debug_ranges  0x00000048       0x28 keypad.o
 .debug_ranges  0x00000070       0x48 main.o
 .debug_ranges  0x000000b8       0x10 relay.o
 .debug_ranges  0x000000c8       0x48 i2chw/twimaster.o
 .debug_ranges  0x00000110       0x98 lcdpcf8574/lcdpcf8574.o
 .debug_ranges  0x000001a8       0x58 pcf8574/pcf8574.o
 .debug_ranges  0x00000200       0x40 uart/uart.o
 .debug_ranges  0x00000240       0x20 FreeRTOS/hooks.o
 .debug_ranges  0x00000260       0x30 FreeRTOS/list.o
 .debug_ranges  0x00000290       0x38 FreeRTOS/port.o
 .debug_ranges  0x000002c8       0xe8 FreeRTOS/queue.o
 .debug_ranges  0x000003b0      0x1d8 FreeRTOS/task.o
 .debug_ranges  0x00000588       0x78 FreeRTOS/time.o
 .debug_ranges  0x00000600       0x18 FreeRTOS/MemMang/heap_3.o

.debug_macro
 *(.debug_macro)
OUTPUT(a00_2_ultrasonic_give_or_take_is_done.elf elf32-avr)
LOAD linker stubs
