Archive member included to satisfy reference by file (symbol)

c:/winavr-20100110/bin/../lib/gcc/avr/4.9.2/avr5\libgcc.a(_udivmodsi4.o)
                              torenair.o (__udivmodsi4)
c:/winavr-20100110/bin/../lib/gcc/avr/4.9.2/avr5\libgcc.a(_exit.o)
                              c:/winavr-20100110/bin/../lib/gcc/avr/4.9.2/../../../../avr/lib/avr5/crtatmega328p.o (exit)
c:/winavr-20100110/bin/../lib/gcc/avr/4.9.2/avr5\libgcc.a(_tablejump2.o)
                              statemachine.o (__tablejump2__)
c:/winavr-20100110/bin/../lib/gcc/avr/4.9.2/avr5\libgcc.a(_copy_data.o)
                              keypad.o (__do_copy_data)
c:/winavr-20100110/bin/../lib/gcc/avr/4.9.2/avr5\libgcc.a(_clear_bss.o)
                              statemachine.o (__do_clear_bss)
c:/winavr-20100110/bin/../lib/gcc/avr/4.9.2/../../../../avr/lib/avr5\libc.a(malloc.o)
                              FreeRTOS/MemMang/heap_3.o (malloc)
c:/winavr-20100110/bin/../lib/gcc/avr/4.9.2/../../../../avr/lib/avr5\libc.a(memcpy.o)
                              FreeRTOS/queue.o (memcpy)
c:/winavr-20100110/bin/../lib/gcc/avr/4.9.2/../../../../avr/lib/avr5\libc.a(memset.o)
                              FreeRTOS/task.o (memset)
c:/winavr-20100110/bin/../lib/gcc/avr/4.9.2/../../../../avr/lib/avr5\libc.a(strcpy.o)
                              statemachine.o (strcpy)
c:/winavr-20100110/bin/../lib/gcc/avr/4.9.2/../../../../avr/lib/avr5\libc.a(sprintf.o)
                              statemachine.o (sprintf)
c:/winavr-20100110/bin/../lib/gcc/avr/4.9.2/../../../../avr/lib/avr5\libc.a(vfprintf_std.o)
                              c:/winavr-20100110/bin/../lib/gcc/avr/4.9.2/../../../../avr/lib/avr5\libc.a(sprintf.o) (vfprintf)
c:/winavr-20100110/bin/../lib/gcc/avr/4.9.2/../../../../avr/lib/avr5\libc.a(strnlen_P.o)
                              c:/winavr-20100110/bin/../lib/gcc/avr/4.9.2/../../../../avr/lib/avr5\libc.a(vfprintf_std.o) (strnlen_P)
c:/winavr-20100110/bin/../lib/gcc/avr/4.9.2/../../../../avr/lib/avr5\libc.a(strnlen.o)
                              c:/winavr-20100110/bin/../lib/gcc/avr/4.9.2/../../../../avr/lib/avr5\libc.a(vfprintf_std.o) (strnlen)
c:/winavr-20100110/bin/../lib/gcc/avr/4.9.2/../../../../avr/lib/avr5\libc.a(fputc.o)
                              c:/winavr-20100110/bin/../lib/gcc/avr/4.9.2/../../../../avr/lib/avr5\libc.a(vfprintf_std.o) (fputc)
c:/winavr-20100110/bin/../lib/gcc/avr/4.9.2/../../../../avr/lib/avr5\libc.a(ultoa_invert.o)
                              c:/winavr-20100110/bin/../lib/gcc/avr/4.9.2/../../../../avr/lib/avr5\libc.a(vfprintf_std.o) (__ultoa_invert)
c:/winavr-20100110/bin/../lib/gcc/avr/4.9.2/avr5\libgcc.a(_prologue.o)
                              c:/winavr-20100110/bin/../lib/gcc/avr/4.9.2/../../../../avr/lib/avr5\libc.a(sprintf.o) (__prologue_saves__)
c:/winavr-20100110/bin/../lib/gcc/avr/4.9.2/avr5\libgcc.a(_epilogue.o)
                              c:/winavr-20100110/bin/../lib/gcc/avr/4.9.2/../../../../avr/lib/avr5\libc.a(sprintf.o) (__epilogue_restores__)

Allocating common symbols
Common symbol       size              file

keynumber           0x1               torenair.o
butnum              0x1               torenair.o
water_height        0x2               torenair.o
input               0x8               statemachine.o
last_butnum         0x1               torenair.o
pcf8574_pinstatus   0x8               lcdpcf8574/lcdpcf8574.o
__brkval            0x2               c:/winavr-20100110/bin/../lib/gcc/avr/4.9.2/../../../../avr/lib/avr5\libc.a(malloc.o)
button_flag         0x1               torenair.o
count               0x1               statemachine.o
button_state        0x1               torenair.o
systime_ms          0x2               torenair.o
relay_set_manual    0x1               statemachine.o
__flp               0x2               c:/winavr-20100110/bin/../lib/gcc/avr/4.9.2/../../../../avr/lib/avr5\libc.a(malloc.o)
last_keynumber      0x1               torenair.o
last_keynumber_temp
                    0x1               torenair.o

Discarded input sections

 .data          0x00000000        0x0 c:/winavr-20100110/bin/../lib/gcc/avr/4.9.2/../../../../avr/lib/avr5/crtatmega328p.o
 .bss           0x00000000        0x0 c:/winavr-20100110/bin/../lib/gcc/avr/4.9.2/../../../../avr/lib/avr5/crtatmega328p.o
 .text          0x00000000        0x0 display.o
 .data          0x00000000        0x0 display.o
 .bss           0x00000000        0x0 display.o
 .text.put_char
                0x00000000       0x1e display.o
 .text          0x00000000        0x0 keypad.o
 .data          0x00000000        0x0 keypad.o
 .bss           0x00000000        0x0 keypad.o
 .text          0x00000000        0x0 statemachine.o
 .data          0x00000000        0x0 statemachine.o
 .bss           0x00000000        0x0 statemachine.o
 .text          0x00000000        0x0 torenair.o
 .data          0x00000000        0x0 torenair.o
 .bss           0x00000000        0x0 torenair.o
 .bss.xfer_counter
                0x00000000        0x1 torenair.o
 .bss.xfer_val  0x00000000        0x1 torenair.o
 .text          0x00000000        0x0 i2chw/twimaster.o
 .data          0x00000000        0x0 i2chw/twimaster.o
 .bss           0x00000000        0x0 i2chw/twimaster.o
 .text.i2c_start_wait
                0x00000000       0x4e i2chw/twimaster.o
 .text.i2c_rep_start
                0x00000000        0x4 i2chw/twimaster.o
 .text.i2c_readAck
                0x00000000       0x14 i2chw/twimaster.o
 .text.i2c_readNak
                0x00000000       0x14 i2chw/twimaster.o
 .text          0x00000000        0x0 lcdpcf8574/lcdpcf8574.o
 .data          0x00000000        0x0 lcdpcf8574/lcdpcf8574.o
 .bss           0x00000000        0x0 lcdpcf8574/lcdpcf8574.o
 .text.lcd_getxy
                0x00000000        0x8 lcdpcf8574/lcdpcf8574.o
 .text.lcd_putc
                0x00000000       0x28 lcdpcf8574/lcdpcf8574.o
 .text.lcd_puts
                0x00000000       0x18 lcdpcf8574/lcdpcf8574.o
 .text.lcd_puts_p
                0x00000000       0x1e lcdpcf8574/lcdpcf8574.o
 .text          0x00000000        0x0 pcf8574/pcf8574.o
 .data          0x00000000        0x0 pcf8574/pcf8574.o
 .bss           0x00000000        0x0 pcf8574/pcf8574.o
 .text.pcf8574_getoutput
                0x00000000       0x14 pcf8574/pcf8574.o
 .text.pcf8574_setoutputpins
                0x00000000       0x84 pcf8574/pcf8574.o
 .text.pcf8574_getinput
                0x00000000       0x36 pcf8574/pcf8574.o
 .text.pcf8574_getinputpin
                0x00000000       0x2e pcf8574/pcf8574.o
 .text          0x00000000        0x0 uart/uart.o
 .data          0x00000000        0x0 uart/uart.o
 .bss           0x00000000        0x0 uart/uart.o
 .text.uart_getc
                0x00000000       0x36 uart/uart.o
 .text.uart_puts_p
                0x00000000       0x1e uart/uart.o
 .text          0x00000000        0x0 FreeRTOS/croutine.o
 .data          0x00000000        0x0 FreeRTOS/croutine.o
 .bss           0x00000000        0x0 FreeRTOS/croutine.o
 .debug_info    0x00000000       0x64 FreeRTOS/croutine.o
 .debug_abbrev  0x00000000       0x26 FreeRTOS/croutine.o
 .debug_aranges
                0x00000000       0x18 FreeRTOS/croutine.o
 .debug_line    0x00000000       0x1a FreeRTOS/croutine.o
 .debug_str     0x00000000      0x15e FreeRTOS/croutine.o
 .comment       0x00000000       0x31 FreeRTOS/croutine.o
 .text          0x00000000        0x0 FreeRTOS/event_groups.o
 .data          0x00000000        0x0 FreeRTOS/event_groups.o
 .bss           0x00000000        0x0 FreeRTOS/event_groups.o
 .text.hot.xEventGroupCreate
                0x00000000       0x26 FreeRTOS/event_groups.o
 .text.hot.xEventGroupWaitBits
                0x00000000       0xf2 FreeRTOS/event_groups.o
 .text.hot.xEventGroupClearBits
                0x00000000       0x1e FreeRTOS/event_groups.o
 .text.hot.xEventGroupGetBitsFromISR
                0x00000000        0x8 FreeRTOS/event_groups.o
 .text.hot.xEventGroupSetBits
                0x00000000       0xaa FreeRTOS/event_groups.o
 .text.hot.xEventGroupSync
                0x00000000       0xd4 FreeRTOS/event_groups.o
 .text.hot.vEventGroupDelete
                0x00000000       0x2c FreeRTOS/event_groups.o
 .text.hot.vEventGroupSetBitsCallback
                0x00000000        0x6 FreeRTOS/event_groups.o
 .text.hot.vEventGroupClearBitsCallback
                0x00000000        0x6 FreeRTOS/event_groups.o
 .debug_info    0x00000000      0x927 FreeRTOS/event_groups.o
 .debug_abbrev  0x00000000      0x279 FreeRTOS/event_groups.o
 .debug_loc     0x00000000      0xb58 FreeRTOS/event_groups.o
 .debug_aranges
                0x00000000       0x60 FreeRTOS/event_groups.o
 .debug_ranges  0x00000000       0x70 FreeRTOS/event_groups.o
 .debug_line    0x00000000      0x3c8 FreeRTOS/event_groups.o
 .debug_str     0x00000000      0x57f FreeRTOS/event_groups.o
 .comment       0x00000000       0x31 FreeRTOS/event_groups.o
 .debug_frame   0x00000000      0x14c FreeRTOS/event_groups.o
 .text          0x00000000        0x0 FreeRTOS/hooks.o
 .data          0x00000000        0x0 FreeRTOS/hooks.o
 .bss           0x00000000        0x0 FreeRTOS/hooks.o
 .text.vApplicationStackOverflowHook
                0x00000000       0x1a FreeRTOS/hooks.o
 .text          0x00000000        0x0 FreeRTOS/list.o
 .data          0x00000000        0x0 FreeRTOS/list.o
 .bss           0x00000000        0x0 FreeRTOS/list.o
 .text          0x00000000        0x0 FreeRTOS/port.o
 .data          0x00000000        0x0 FreeRTOS/port.o
 .bss           0x00000000        0x0 FreeRTOS/port.o
 .text.hot.vPortEndScheduler
                0x00000000       0x18 FreeRTOS/port.o
 .text          0x00000000        0x0 FreeRTOS/queue.o
 .data          0x00000000        0x0 FreeRTOS/queue.o
 .bss           0x00000000        0x0 FreeRTOS/queue.o
 .text.hot.xQueueCreateCountingSemaphore
                0x00000000       0x18 FreeRTOS/queue.o
 .text.hot.xQueueCreateMutex
                0x00000000       0x34 FreeRTOS/queue.o
 .text.hot.xQueueGiveMutexRecursive
                0x00000000       0x44 FreeRTOS/queue.o
 .text.hot.xQueueGiveFromISR
                0x00000000       0x46 FreeRTOS/queue.o
 .text.hot.xQueueSemaphoreTake
                0x00000000      0x184 FreeRTOS/queue.o
 .text.hot.xQueueTakeMutexRecursive
                0x00000000       0x5c FreeRTOS/queue.o
 .text.hot.xQueuePeek
                0x00000000      0x124 FreeRTOS/queue.o
 .text.hot.xQueueReceiveFromISR
                0x00000000       0x5e FreeRTOS/queue.o
 .text.hot.xQueuePeekFromISR
                0x00000000       0x2e FreeRTOS/queue.o
 .text.hot.uxQueueMessagesWaiting
                0x00000000       0x10 FreeRTOS/queue.o
 .text.hot.uxQueueSpacesAvailable
                0x00000000       0x14 FreeRTOS/queue.o
 .text.hot.uxQueueMessagesWaitingFromISR
                0x00000000        0x6 FreeRTOS/queue.o
 .text.hot.vQueueDelete
                0x00000000        0x4 FreeRTOS/queue.o
 .text.hot.xQueueIsQueueEmptyFromISR
                0x00000000        0xc FreeRTOS/queue.o
 .text.hot.xQueueIsQueueFullFromISR
                0x00000000        0xe FreeRTOS/queue.o
 .text          0x00000000        0x0 FreeRTOS/stream_buffer.o
 .data          0x00000000        0x0 FreeRTOS/stream_buffer.o
 .bss           0x00000000        0x0 FreeRTOS/stream_buffer.o
 .text.hot.prvBytesInBuffer
                0x00000000       0x26 FreeRTOS/stream_buffer.o
 .text.hot.prvWriteBytesToBuffer
                0x00000000       0x94 FreeRTOS/stream_buffer.o
 .text.hot.prvWriteMessageToBuffer
                0x00000000       0x7a FreeRTOS/stream_buffer.o
 .text.prvReadBytesFromBuffer
                0x00000000       0xa0 FreeRTOS/stream_buffer.o
 .text.hot.prvReadMessageFromBuffer
                0x00000000       0x90 FreeRTOS/stream_buffer.o
 .text.hot.xStreamBufferGenericCreate
                0x00000000       0x6a FreeRTOS/stream_buffer.o
 .text.hot.vStreamBufferDelete
                0x00000000       0x16 FreeRTOS/stream_buffer.o
 .text.hot.xStreamBufferReset
                0x00000000       0x4a FreeRTOS/stream_buffer.o
 .text.hot.xStreamBufferSetTriggerLevel
                0x00000000       0x22 FreeRTOS/stream_buffer.o
 .text.hot.xStreamBufferSpacesAvailable
                0x00000000       0x24 FreeRTOS/stream_buffer.o
 .text.hot.xStreamBufferBytesAvailable
                0x00000000        0x4 FreeRTOS/stream_buffer.o
 .text.hot.xStreamBufferSend
                0x00000000      0x144 FreeRTOS/stream_buffer.o
 .text.hot.xStreamBufferSendFromISR
                0x00000000       0xa6 FreeRTOS/stream_buffer.o
 .text.hot.xStreamBufferReceive
                0x00000000       0xf2 FreeRTOS/stream_buffer.o
 .text.hot.xStreamBufferReceiveFromISR
                0x00000000       0xa6 FreeRTOS/stream_buffer.o
 .text.hot.xStreamBufferIsEmpty
                0x00000000       0x16 FreeRTOS/stream_buffer.o
 .text.hot.xStreamBufferIsFull
                0x00000000       0x2c FreeRTOS/stream_buffer.o
 .text.hot.xStreamBufferSendCompletedFromISR
                0x00000000       0x46 FreeRTOS/stream_buffer.o
 .text.hot.xStreamBufferReceiveCompletedFromISR
                0x00000000       0x46 FreeRTOS/stream_buffer.o
 .debug_info    0x00000000     0x12f3 FreeRTOS/stream_buffer.o
 .debug_abbrev  0x00000000      0x2e5 FreeRTOS/stream_buffer.o
 .debug_loc     0x00000000     0x1b75 FreeRTOS/stream_buffer.o
 .debug_aranges
                0x00000000       0xb0 FreeRTOS/stream_buffer.o
 .debug_ranges  0x00000000       0xb8 FreeRTOS/stream_buffer.o
 .debug_line    0x00000000      0x682 FreeRTOS/stream_buffer.o
 .debug_str     0x00000000      0x73a FreeRTOS/stream_buffer.o
 .comment       0x00000000       0x31 FreeRTOS/stream_buffer.o
 .debug_frame   0x00000000      0x3a8 FreeRTOS/stream_buffer.o
 .text          0x00000000        0x0 FreeRTOS/task.o
 .data          0x00000000        0x0 FreeRTOS/task.o
 .bss           0x00000000        0x0 FreeRTOS/task.o
 .text.hot.vTaskDelete
                0x00000000       0xaa FreeRTOS/task.o
 .text.hot.uxTaskPriorityGet
                0x00000000       0x1c FreeRTOS/task.o
 .text.hot.uxTaskPriorityGetFromISR
                0x00000000       0x12 FreeRTOS/task.o
 .text.hot.vTaskPrioritySet
                0x00000000       0xd2 FreeRTOS/task.o
 .text.hot.vTaskResume
                0x00000000       0x92 FreeRTOS/task.o
 .text.hot.xTaskResumeFromISR
                0x00000000       0x90 FreeRTOS/task.o
 .text.hot.vTaskEndScheduler
                0x00000000        0xe FreeRTOS/task.o
 .text.hot.xTaskGetTickCountFromISR
                0x00000000        0xa FreeRTOS/task.o
 .text.hot.uxTaskGetNumberOfTasks
                0x00000000        0x6 FreeRTOS/task.o
 .text.hot.pcTaskGetName
                0x00000000       0x10 FreeRTOS/task.o
 .text.hot.vTaskSuspend
                0x00000000       0xac FreeRTOS/task.o
 .text.hot.vTaskPlaceOnUnorderedEventList
                0x00000000       0x30 FreeRTOS/task.o
 .text.hot.vTaskRemoveFromUnorderedEventList
                0x00000000       0x64 FreeRTOS/task.o
 .text.hot.vTaskSetTimeOutState
                0x00000000       0x20 FreeRTOS/task.o
 .text.hot.uxTaskGetStackHighWaterMark
                0x00000000       0x2c FreeRTOS/task.o
 .text.hot.xTaskGetCurrentTaskHandle
                0x00000000        0xa FreeRTOS/task.o
 .text.hot.xTaskPriorityInherit
                0x00000000       0xc6 FreeRTOS/task.o
 .text.hot.vTaskPriorityDisinheritAfterTimeout
                0x00000000       0x8e FreeRTOS/task.o
 .text.hot.uxTaskResetEventItemValue
                0x00000000       0x2e FreeRTOS/task.o
 .text.hot.pvTaskIncrementMutexHeldCount
                0x00000000       0x24 FreeRTOS/task.o
 .text.hot.ulTaskNotifyTake
                0x00000000       0xa2 FreeRTOS/task.o
 .text.hot.xTaskNotifyWait
                0x00000000      0x134 FreeRTOS/task.o
 .text.hot.xTaskGenericNotify
                0x00000000       0xd2 FreeRTOS/task.o
 .text.hot.xTaskGenericNotifyFromISR
                0x00000000       0xf4 FreeRTOS/task.o
 .text.hot.vTaskNotifyGiveFromISR
                0x00000000       0xa4 FreeRTOS/task.o
 .text.xTaskNotifyStateClear
                0x00000000       0x28 FreeRTOS/task.o
 .text          0x00000000        0x0 FreeRTOS/time.o
 .data          0x00000000        0x0 FreeRTOS/time.o
 .bss           0x00000000        0x0 FreeRTOS/time.o
 .text.hot.xTimerCreate
                0x00000000       0x64 FreeRTOS/time.o
 .text.hot.xTimerGetTimerDaemonTaskHandle
                0x00000000        0xa FreeRTOS/time.o
 .text.hot.xTimerGetPeriod
                0x00000000        0x8 FreeRTOS/time.o
 .text.hot.xTimerGetExpiryTime
                0x00000000        0x8 FreeRTOS/time.o
 .text.hot.pcTimerGetName
                0x00000000        0x8 FreeRTOS/time.o
 .text.hot.xTimerIsTimerActive
                0x00000000       0x1a FreeRTOS/time.o
 .text.hot.pvTimerGetTimerID
                0x00000000       0x12 FreeRTOS/time.o
 .text.hot.vTimerSetTimerID
                0x00000000       0x12 FreeRTOS/time.o
 .text          0x00000000        0x0 FreeRTOS/MemMang/heap_3.o
 .data          0x00000000        0x0 FreeRTOS/MemMang/heap_3.o
 .bss           0x00000000        0x0 FreeRTOS/MemMang/heap_3.o
 .text          0x00000000        0x0 c:/winavr-20100110/bin/../lib/gcc/avr/4.9.2/avr5\libgcc.a(_udivmodsi4.o)
 .data          0x00000000        0x0 c:/winavr-20100110/bin/../lib/gcc/avr/4.9.2/avr5\libgcc.a(_udivmodsi4.o)
 .bss           0x00000000        0x0 c:/winavr-20100110/bin/../lib/gcc/avr/4.9.2/avr5\libgcc.a(_udivmodsi4.o)
 .text.libgcc.mul
                0x00000000        0x0 c:/winavr-20100110/bin/../lib/gcc/avr/4.9.2/avr5\libgcc.a(_udivmodsi4.o)
 .text.libgcc   0x00000000        0x0 c:/winavr-20100110/bin/../lib/gcc/avr/4.9.2/avr5\libgcc.a(_udivmodsi4.o)
 .text.libgcc.prologue
                0x00000000        0x0 c:/winavr-20100110/bin/../lib/gcc/avr/4.9.2/avr5\libgcc.a(_udivmodsi4.o)
 .text.libgcc.builtins
                0x00000000        0x0 c:/winavr-20100110/bin/../lib/gcc/avr/4.9.2/avr5\libgcc.a(_udivmodsi4.o)
 .text.libgcc.fmul
                0x00000000        0x0 c:/winavr-20100110/bin/../lib/gcc/avr/4.9.2/avr5\libgcc.a(_udivmodsi4.o)
 .text.libgcc.fixed
                0x00000000        0x0 c:/winavr-20100110/bin/../lib/gcc/avr/4.9.2/avr5\libgcc.a(_udivmodsi4.o)
 .text          0x00000000        0x0 c:/winavr-20100110/bin/../lib/gcc/avr/4.9.2/avr5\libgcc.a(_exit.o)
 .data          0x00000000        0x0 c:/winavr-20100110/bin/../lib/gcc/avr/4.9.2/avr5\libgcc.a(_exit.o)
 .bss           0x00000000        0x0 c:/winavr-20100110/bin/../lib/gcc/avr/4.9.2/avr5\libgcc.a(_exit.o)
 .text.libgcc.mul
                0x00000000        0x0 c:/winavr-20100110/bin/../lib/gcc/avr/4.9.2/avr5\libgcc.a(_exit.o)
 .text.libgcc.div
                0x00000000        0x0 c:/winavr-20100110/bin/../lib/gcc/avr/4.9.2/avr5\libgcc.a(_exit.o)
 .text.libgcc   0x00000000        0x0 c:/winavr-20100110/bin/../lib/gcc/avr/4.9.2/avr5\libgcc.a(_exit.o)
 .text.libgcc.prologue
                0x00000000        0x0 c:/winavr-20100110/bin/../lib/gcc/avr/4.9.2/avr5\libgcc.a(_exit.o)
 .text.libgcc.builtins
                0x00000000        0x0 c:/winavr-20100110/bin/../lib/gcc/avr/4.9.2/avr5\libgcc.a(_exit.o)
 .text.libgcc.fmul
                0x00000000        0x0 c:/winavr-20100110/bin/../lib/gcc/avr/4.9.2/avr5\libgcc.a(_exit.o)
 .text.libgcc.fixed
                0x00000000        0x0 c:/winavr-20100110/bin/../lib/gcc/avr/4.9.2/avr5\libgcc.a(_exit.o)
 .text          0x00000000        0x0 c:/winavr-20100110/bin/../lib/gcc/avr/4.9.2/avr5\libgcc.a(_tablejump2.o)
 .data          0x00000000        0x0 c:/winavr-20100110/bin/../lib/gcc/avr/4.9.2/avr5\libgcc.a(_tablejump2.o)
 .bss           0x00000000        0x0 c:/winavr-20100110/bin/../lib/gcc/avr/4.9.2/avr5\libgcc.a(_tablejump2.o)
 .text.libgcc.mul
                0x00000000        0x0 c:/winavr-20100110/bin/../lib/gcc/avr/4.9.2/avr5\libgcc.a(_tablejump2.o)
 .text.libgcc.div
                0x00000000        0x0 c:/winavr-20100110/bin/../lib/gcc/avr/4.9.2/avr5\libgcc.a(_tablejump2.o)
 .text.libgcc.prologue
                0x00000000        0x0 c:/winavr-20100110/bin/../lib/gcc/avr/4.9.2/avr5\libgcc.a(_tablejump2.o)
 .text.libgcc.builtins
                0x00000000        0x0 c:/winavr-20100110/bin/../lib/gcc/avr/4.9.2/avr5\libgcc.a(_tablejump2.o)
 .text.libgcc.fmul
                0x00000000        0x0 c:/winavr-20100110/bin/../lib/gcc/avr/4.9.2/avr5\libgcc.a(_tablejump2.o)
 .text.libgcc.fixed
                0x00000000        0x0 c:/winavr-20100110/bin/../lib/gcc/avr/4.9.2/avr5\libgcc.a(_tablejump2.o)
 .text          0x00000000        0x0 c:/winavr-20100110/bin/../lib/gcc/avr/4.9.2/avr5\libgcc.a(_copy_data.o)
 .data          0x00000000        0x0 c:/winavr-20100110/bin/../lib/gcc/avr/4.9.2/avr5\libgcc.a(_copy_data.o)
 .bss           0x00000000        0x0 c:/winavr-20100110/bin/../lib/gcc/avr/4.9.2/avr5\libgcc.a(_copy_data.o)
 .text.libgcc.mul
                0x00000000        0x0 c:/winavr-20100110/bin/../lib/gcc/avr/4.9.2/avr5\libgcc.a(_copy_data.o)
 .text.libgcc.div
                0x00000000        0x0 c:/winavr-20100110/bin/../lib/gcc/avr/4.9.2/avr5\libgcc.a(_copy_data.o)
 .text.libgcc   0x00000000        0x0 c:/winavr-20100110/bin/../lib/gcc/avr/4.9.2/avr5\libgcc.a(_copy_data.o)
 .text.libgcc.prologue
                0x00000000        0x0 c:/winavr-20100110/bin/../lib/gcc/avr/4.9.2/avr5\libgcc.a(_copy_data.o)
 .text.libgcc.builtins
                0x00000000        0x0 c:/winavr-20100110/bin/../lib/gcc/avr/4.9.2/avr5\libgcc.a(_copy_data.o)
 .text.libgcc.fmul
                0x00000000        0x0 c:/winavr-20100110/bin/../lib/gcc/avr/4.9.2/avr5\libgcc.a(_copy_data.o)
 .text.libgcc.fixed
                0x00000000        0x0 c:/winavr-20100110/bin/../lib/gcc/avr/4.9.2/avr5\libgcc.a(_copy_data.o)
 .text          0x00000000        0x0 c:/winavr-20100110/bin/../lib/gcc/avr/4.9.2/avr5\libgcc.a(_clear_bss.o)
 .data          0x00000000        0x0 c:/winavr-20100110/bin/../lib/gcc/avr/4.9.2/avr5\libgcc.a(_clear_bss.o)
 .bss           0x00000000        0x0 c:/winavr-20100110/bin/../lib/gcc/avr/4.9.2/avr5\libgcc.a(_clear_bss.o)
 .text.libgcc.mul
                0x00000000        0x0 c:/winavr-20100110/bin/../lib/gcc/avr/4.9.2/avr5\libgcc.a(_clear_bss.o)
 .text.libgcc.div
                0x00000000        0x0 c:/winavr-20100110/bin/../lib/gcc/avr/4.9.2/avr5\libgcc.a(_clear_bss.o)
 .text.libgcc   0x00000000        0x0 c:/winavr-20100110/bin/../lib/gcc/avr/4.9.2/avr5\libgcc.a(_clear_bss.o)
 .text.libgcc.prologue
                0x00000000        0x0 c:/winavr-20100110/bin/../lib/gcc/avr/4.9.2/avr5\libgcc.a(_clear_bss.o)
 .text.libgcc.builtins
                0x00000000        0x0 c:/winavr-20100110/bin/../lib/gcc/avr/4.9.2/avr5\libgcc.a(_clear_bss.o)
 .text.libgcc.fmul
                0x00000000        0x0 c:/winavr-20100110/bin/../lib/gcc/avr/4.9.2/avr5\libgcc.a(_clear_bss.o)
 .text.libgcc.fixed
                0x00000000        0x0 c:/winavr-20100110/bin/../lib/gcc/avr/4.9.2/avr5\libgcc.a(_clear_bss.o)
 .text          0x00000000        0x0 c:/winavr-20100110/bin/../lib/gcc/avr/4.9.2/../../../../avr/lib/avr5\libc.a(malloc.o)
 .bss           0x00000000        0x0 c:/winavr-20100110/bin/../lib/gcc/avr/4.9.2/../../../../avr/lib/avr5\libc.a(malloc.o)
 .text          0x00000000        0x0 c:/winavr-20100110/bin/../lib/gcc/avr/4.9.2/../../../../avr/lib/avr5\libc.a(memcpy.o)
 .data          0x00000000        0x0 c:/winavr-20100110/bin/../lib/gcc/avr/4.9.2/../../../../avr/lib/avr5\libc.a(memcpy.o)
 .bss           0x00000000        0x0 c:/winavr-20100110/bin/../lib/gcc/avr/4.9.2/../../../../avr/lib/avr5\libc.a(memcpy.o)
 .text          0x00000000        0x0 c:/winavr-20100110/bin/../lib/gcc/avr/4.9.2/../../../../avr/lib/avr5\libc.a(memset.o)
 .data          0x00000000        0x0 c:/winavr-20100110/bin/../lib/gcc/avr/4.9.2/../../../../avr/lib/avr5\libc.a(memset.o)
 .bss           0x00000000        0x0 c:/winavr-20100110/bin/../lib/gcc/avr/4.9.2/../../../../avr/lib/avr5\libc.a(memset.o)
 .text          0x00000000        0x0 c:/winavr-20100110/bin/../lib/gcc/avr/4.9.2/../../../../avr/lib/avr5\libc.a(strcpy.o)
 .data          0x00000000        0x0 c:/winavr-20100110/bin/../lib/gcc/avr/4.9.2/../../../../avr/lib/avr5\libc.a(strcpy.o)
 .bss           0x00000000        0x0 c:/winavr-20100110/bin/../lib/gcc/avr/4.9.2/../../../../avr/lib/avr5\libc.a(strcpy.o)
 .text          0x00000000        0x0 c:/winavr-20100110/bin/../lib/gcc/avr/4.9.2/../../../../avr/lib/avr5\libc.a(sprintf.o)
 .data          0x00000000        0x0 c:/winavr-20100110/bin/../lib/gcc/avr/4.9.2/../../../../avr/lib/avr5\libc.a(sprintf.o)
 .bss           0x00000000        0x0 c:/winavr-20100110/bin/../lib/gcc/avr/4.9.2/../../../../avr/lib/avr5\libc.a(sprintf.o)
 .text          0x00000000        0x0 c:/winavr-20100110/bin/../lib/gcc/avr/4.9.2/../../../../avr/lib/avr5\libc.a(vfprintf_std.o)
 .data          0x00000000        0x0 c:/winavr-20100110/bin/../lib/gcc/avr/4.9.2/../../../../avr/lib/avr5\libc.a(vfprintf_std.o)
 .bss           0x00000000        0x0 c:/winavr-20100110/bin/../lib/gcc/avr/4.9.2/../../../../avr/lib/avr5\libc.a(vfprintf_std.o)
 .text          0x00000000        0x0 c:/winavr-20100110/bin/../lib/gcc/avr/4.9.2/../../../../avr/lib/avr5\libc.a(strnlen_P.o)
 .data          0x00000000        0x0 c:/winavr-20100110/bin/../lib/gcc/avr/4.9.2/../../../../avr/lib/avr5\libc.a(strnlen_P.o)
 .bss           0x00000000        0x0 c:/winavr-20100110/bin/../lib/gcc/avr/4.9.2/../../../../avr/lib/avr5\libc.a(strnlen_P.o)
 .text          0x00000000        0x0 c:/winavr-20100110/bin/../lib/gcc/avr/4.9.2/../../../../avr/lib/avr5\libc.a(strnlen.o)
 .data          0x00000000        0x0 c:/winavr-20100110/bin/../lib/gcc/avr/4.9.2/../../../../avr/lib/avr5\libc.a(strnlen.o)
 .bss           0x00000000        0x0 c:/winavr-20100110/bin/../lib/gcc/avr/4.9.2/../../../../avr/lib/avr5\libc.a(strnlen.o)
 .text          0x00000000        0x0 c:/winavr-20100110/bin/../lib/gcc/avr/4.9.2/../../../../avr/lib/avr5\libc.a(fputc.o)
 .data          0x00000000        0x0 c:/winavr-20100110/bin/../lib/gcc/avr/4.9.2/../../../../avr/lib/avr5\libc.a(fputc.o)
 .bss           0x00000000        0x0 c:/winavr-20100110/bin/../lib/gcc/avr/4.9.2/../../../../avr/lib/avr5\libc.a(fputc.o)
 .text          0x00000000        0x0 c:/winavr-20100110/bin/../lib/gcc/avr/4.9.2/../../../../avr/lib/avr5\libc.a(ultoa_invert.o)
 .data          0x00000000        0x0 c:/winavr-20100110/bin/../lib/gcc/avr/4.9.2/../../../../avr/lib/avr5\libc.a(ultoa_invert.o)
 .bss           0x00000000        0x0 c:/winavr-20100110/bin/../lib/gcc/avr/4.9.2/../../../../avr/lib/avr5\libc.a(ultoa_invert.o)
 .text          0x00000000        0x0 c:/winavr-20100110/bin/../lib/gcc/avr/4.9.2/avr5\libgcc.a(_prologue.o)
 .data          0x00000000        0x0 c:/winavr-20100110/bin/../lib/gcc/avr/4.9.2/avr5\libgcc.a(_prologue.o)
 .bss           0x00000000        0x0 c:/winavr-20100110/bin/../lib/gcc/avr/4.9.2/avr5\libgcc.a(_prologue.o)
 .text.libgcc.mul
                0x00000000        0x0 c:/winavr-20100110/bin/../lib/gcc/avr/4.9.2/avr5\libgcc.a(_prologue.o)
 .text.libgcc.div
                0x00000000        0x0 c:/winavr-20100110/bin/../lib/gcc/avr/4.9.2/avr5\libgcc.a(_prologue.o)
 .text.libgcc   0x00000000        0x0 c:/winavr-20100110/bin/../lib/gcc/avr/4.9.2/avr5\libgcc.a(_prologue.o)
 .text.libgcc.builtins
                0x00000000        0x0 c:/winavr-20100110/bin/../lib/gcc/avr/4.9.2/avr5\libgcc.a(_prologue.o)
 .text.libgcc.fmul
                0x00000000        0x0 c:/winavr-20100110/bin/../lib/gcc/avr/4.9.2/avr5\libgcc.a(_prologue.o)
 .text.libgcc.fixed
                0x00000000        0x0 c:/winavr-20100110/bin/../lib/gcc/avr/4.9.2/avr5\libgcc.a(_prologue.o)
 .text          0x00000000        0x0 c:/winavr-20100110/bin/../lib/gcc/avr/4.9.2/avr5\libgcc.a(_epilogue.o)
 .data          0x00000000        0x0 c:/winavr-20100110/bin/../lib/gcc/avr/4.9.2/avr5\libgcc.a(_epilogue.o)
 .bss           0x00000000        0x0 c:/winavr-20100110/bin/../lib/gcc/avr/4.9.2/avr5\libgcc.a(_epilogue.o)
 .text.libgcc.mul
                0x00000000        0x0 c:/winavr-20100110/bin/../lib/gcc/avr/4.9.2/avr5\libgcc.a(_epilogue.o)
 .text.libgcc.div
                0x00000000        0x0 c:/winavr-20100110/bin/../lib/gcc/avr/4.9.2/avr5\libgcc.a(_epilogue.o)
 .text.libgcc   0x00000000        0x0 c:/winavr-20100110/bin/../lib/gcc/avr/4.9.2/avr5\libgcc.a(_epilogue.o)
 .text.libgcc.builtins
                0x00000000        0x0 c:/winavr-20100110/bin/../lib/gcc/avr/4.9.2/avr5\libgcc.a(_epilogue.o)
 .text.libgcc.fmul
                0x00000000        0x0 c:/winavr-20100110/bin/../lib/gcc/avr/4.9.2/avr5\libgcc.a(_epilogue.o)
 .text.libgcc.fixed
                0x00000000        0x0 c:/winavr-20100110/bin/../lib/gcc/avr/4.9.2/avr5\libgcc.a(_epilogue.o)

Memory Configuration

Name             Origin             Length             Attributes
text             0x00000000         0x00020000         xr
data             0x00800060         0x0000ffa0         rw !x
eeprom           0x00810000         0x00010000         rw !x
fuse             0x00820000         0x00000003         rw !x
lock             0x00830000         0x00000400         rw !x
signature        0x00840000         0x00000400         rw !x
user_signatures  0x00850000         0x00000400         rw !x
*default*        0x00000000         0xffffffff

Linker script and memory map

Address of section .data set to 0x800100
LOAD c:/winavr-20100110/bin/../lib/gcc/avr/4.9.2/../../../../avr/lib/avr5/crtatmega328p.o
LOAD display.o
LOAD keypad.o
LOAD statemachine.o
LOAD torenair.o
LOAD i2chw/twimaster.o
LOAD lcdpcf8574/lcdpcf8574.o
LOAD pcf8574/pcf8574.o
LOAD uart/uart.o
LOAD FreeRTOS/croutine.o
LOAD FreeRTOS/event_groups.o
LOAD FreeRTOS/hooks.o
LOAD FreeRTOS/list.o
LOAD FreeRTOS/port.o
LOAD FreeRTOS/queue.o
LOAD FreeRTOS/stream_buffer.o
LOAD FreeRTOS/task.o
LOAD FreeRTOS/time.o
LOAD FreeRTOS/MemMang/heap_3.o
START GROUP
LOAD c:/winavr-20100110/bin/../lib/gcc/avr/4.9.2/avr5\libgcc.a
LOAD c:/winavr-20100110/bin/../lib/gcc/avr/4.9.2/../../../../avr/lib/avr5\libm.a
LOAD c:/winavr-20100110/bin/../lib/gcc/avr/4.9.2/../../../../avr/lib/avr5\libc.a
LOAD c:/winavr-20100110/bin/../lib/gcc/avr/4.9.2/../../../../avr/lib/avr5\libatmega328p.a
END GROUP
                0x00020000                __TEXT_REGION_LENGTH__ = DEFINED (__TEXT_REGION_LENGTH__)?__TEXT_REGION_LENGTH__:0x20000
                0x0000ffa0                __DATA_REGION_LENGTH__ = DEFINED (__DATA_REGION_LENGTH__)?__DATA_REGION_LENGTH__:0xffa0
                0x00010000                __EEPROM_REGION_LENGTH__ = DEFINED (__EEPROM_REGION_LENGTH__)?__EEPROM_REGION_LENGTH__:0x10000
                [0x00000003]                __FUSE_REGION_LENGTH__ = DEFINED (__FUSE_REGION_LENGTH__)?__FUSE_REGION_LENGTH__:0x400
                0x00000400                __LOCK_REGION_LENGTH__ = DEFINED (__LOCK_REGION_LENGTH__)?__LOCK_REGION_LENGTH__:0x400
                0x00000400                __SIGNATURE_REGION_LENGTH__ = DEFINED (__SIGNATURE_REGION_LENGTH__)?__SIGNATURE_REGION_LENGTH__:0x400
                0x00000400                __USER_SIGNATURE_REGION_LENGTH__ = DEFINED (__USER_SIGNATURE_REGION_LENGTH__)?__USER_SIGNATURE_REGION_LENGTH__:0x400

.hash
 *(.hash)

.dynsym
 *(.dynsym)

.dynstr
 *(.dynstr)

.gnu.version
 *(.gnu.version)

.gnu.version_d
 *(.gnu.version_d)

.gnu.version_r
 *(.gnu.version_r)

.rel.init
 *(.rel.init)

.rela.init
 *(.rela.init)

.rel.text
 *(.rel.text)
 *(.rel.text.*)
 *(.rel.gnu.linkonce.t*)

.rela.text
 *(.rela.text)
 *(.rela.text.*)
 *(.rela.gnu.linkonce.t*)

.rel.fini
 *(.rel.fini)

.rela.fini
 *(.rela.fini)

.rel.rodata
 *(.rel.rodata)
 *(.rel.rodata.*)
 *(.rel.gnu.linkonce.r*)

.rela.rodata
 *(.rela.rodata)
 *(.rela.rodata.*)
 *(.rela.gnu.linkonce.r*)

.rel.data
 *(.rel.data)
 *(.rel.data.*)
 *(.rel.gnu.linkonce.d*)

.rela.data
 *(.rela.data)
 *(.rela.data.*)
 *(.rela.gnu.linkonce.d*)

.rel.ctors
 *(.rel.ctors)

.rela.ctors
 *(.rela.ctors)

.rel.dtors
 *(.rel.dtors)

.rela.dtors
 *(.rela.dtors)

.rel.got
 *(.rel.got)

.rela.got
 *(.rela.got)

.rel.bss
 *(.rel.bss)

.rela.bss
 *(.rela.bss)

.rel.plt
 *(.rel.plt)

.rela.plt
 *(.rela.plt)

.text           0x00000000     0x433e
 *(.vectors)
 .vectors       0x00000000       0x68 c:/winavr-20100110/bin/../lib/gcc/avr/4.9.2/../../../../avr/lib/avr5/crtatmega328p.o
                0x00000000                __vector_default
                0x00000000                __vectors
 *(.vectors)
 *(.progmem.gcc*)
 .progmem.gcc_sw_table.change_state
                0x00000068       0x4a statemachine.o
 .progmem.gcc_sw_table.prvTimerTask
                0x000000b2       0x14 FreeRTOS/time.o
                0x000000c6                . = ALIGN (0x2)
                0x000000c6                __trampolines_start = .
 *(.trampolines)
 .trampolines   0x000000c6        0x0 linker stubs
 *(.trampolines*)
                0x000000c6                __trampolines_end = .
 *libprintf_flt.a:*(.progmem.data)
 *libc.a:*(.progmem.data)
 *(.progmem*)
                0x000000c6                . = ALIGN (0x2)
 *(.jumptables)
 *(.jumptables*)
 *(.lowtext)
 *(.lowtext*)
                0x000000c6                __ctors_start = .
 *(.ctors)
                0x000000c6                __ctors_end = .
                0x000000c6                __dtors_start = .
 *(.dtors)
                0x000000c6                __dtors_end = .
 SORT(*)(.ctors)
 SORT(*)(.dtors)
 *(.init0)
 .init0         0x000000c6        0x0 c:/winavr-20100110/bin/../lib/gcc/avr/4.9.2/../../../../avr/lib/avr5/crtatmega328p.o
                0x000000c6                __init
 *(.init0)
 *(.init1)
 *(.init1)
 *(.init2)
 .init2         0x000000c6        0xc c:/winavr-20100110/bin/../lib/gcc/avr/4.9.2/../../../../avr/lib/avr5/crtatmega328p.o
 *(.init2)
 *(.init3)
 *(.init3)
 *(.init4)
 .init4         0x000000d2       0x16 c:/winavr-20100110/bin/../lib/gcc/avr/4.9.2/avr5\libgcc.a(_copy_data.o)
                0x000000d2                __do_copy_data
 .init4         0x000000e8       0x10 c:/winavr-20100110/bin/../lib/gcc/avr/4.9.2/avr5\libgcc.a(_clear_bss.o)
                0x000000e8                __do_clear_bss
 *(.init4)
 *(.init5)
 *(.init5)
 *(.init6)
 *(.init6)
 *(.init7)
 *(.init7)
 *(.init8)
 *(.init8)
 *(.init9)
 .init9         0x000000f8        0x8 c:/winavr-20100110/bin/../lib/gcc/avr/4.9.2/../../../../avr/lib/avr5/crtatmega328p.o
 *(.init9)
 *(.text)
 .text          0x00000100        0x4 c:/winavr-20100110/bin/../lib/gcc/avr/4.9.2/../../../../avr/lib/avr5/crtatmega328p.o
                0x00000100                __vector_22
                0x00000100                __vector_1
                0x00000100                __vector_24
                0x00000100                __vector_12
                0x00000100                __bad_interrupt
                0x00000100                __vector_3
                0x00000100                __vector_23
                0x00000100                __vector_25
                0x00000100                __vector_13
                0x00000100                __vector_17
                0x00000100                __vector_5
                0x00000100                __vector_4
                0x00000100                __vector_9
                0x00000100                __vector_21
                0x00000100                __vector_15
                0x00000100                __vector_8
                0x00000100                __vector_14
                0x00000100                __vector_10
                0x00000100                __vector_20
                0x00000104                . = ALIGN (0x2)
 *(.text.*)
 .text.display_line1
                0x00000104       0x22 display.o
                0x00000104                display_line1
 .text.display_line2
                0x00000126       0x22 display.o
                0x00000126                display_line2
 .text.display_msg
                0x00000148        0x8 display.o
                0x00000148                display_msg
 .text.keymap   0x00000150       0x14 keypad.o
                0x00000150                keymap
 .text.DDRCol   0x00000164       0x2a keypad.o
                0x00000164                DDRCol
 .text.PORTCol  0x0000018e       0x2a keypad.o
                0x0000018e                PORTCol
 .text.read_keypad
                0x000001b8       0xe4 keypad.o
                0x000001b8                read_keypad
 .text.check_button
                0x0000029c       0x1a keypad.o
                0x0000029c                check_button
 .text.debounce_button
                0x000002b6       0x60 keypad.o
                0x000002b6                debounce_button
 .text.button_action
                0x00000316       0x16 keypad.o
                0x00000316                button_action
 .text.date_and_time
                0x0000032c      0x118 statemachine.o
                0x0000032c                date_and_time
 .text.hidden_par
                0x00000444       0x6a statemachine.o
                0x00000444                hidden_par
 .text.change_state
                0x000004ae     0x129a statemachine.o
                0x000004ae                change_state
 .text.TaskSonar
                0x00001748       0x4c torenair.o
 .text.vApplicationStackOverflowHook
                0x00001794        0x2 torenair.o
                0x00001794                vApplicationStackOverflowHook
 .text.init_time_keypad
                0x00001796       0x20 torenair.o
                0x00001796                init_time_keypad
 .text.initializer
                0x000017b6       0x40 torenair.o
                0x000017b6                initializer
 .text.startup.main
                0x000017f6       0x72 torenair.o
                0x000017f6                main
 .text.set_relay
                0x00001868        0xc torenair.o
                0x00001868                set_relay
 .text.TaskMain
                0x00001874      0x126 torenair.o
 .text.__vector_7
                0x0000199a       0xb2 torenair.o
                0x0000199a                __vector_7
 .text.__vector_11
                0x00001a4c      0x20a torenair.o
                0x00001a4c                __vector_11
 .text.__vector_16
                0x00001c56       0x92 torenair.o
                0x00001c56                __vector_16
 .text.__vector_2
                0x00001ce8       0xf8 torenair.o
                0x00001ce8                __vector_2
 .text.i2c_init
                0x00001de0        0xc i2chw/twimaster.o
                0x00001de0                i2c_init
 .text.i2c_start
                0x00001dec       0x44 i2chw/twimaster.o
                0x00001dec                i2c_start
 .text.i2c_stop
                0x00001e30       0x10 i2chw/twimaster.o
                0x00001e30                i2c_stop
 .text.i2c_write
                0x00001e40       0x22 i2chw/twimaster.o
                0x00001e40                i2c_write
 .text.toggle_e
                0x00001e62       0x12 lcdpcf8574/lcdpcf8574.o
 .text.lcd_write
                0x00001e74      0x13a lcdpcf8574/lcdpcf8574.o
 .text.lcd_read.constprop.0
                0x00001fae       0x66 lcdpcf8574/lcdpcf8574.o
 .text.lcd_waitbusy
                0x00002014       0x14 lcdpcf8574/lcdpcf8574.o
 .text.lcd_command
                0x00002028       0x12 lcdpcf8574/lcdpcf8574.o
                0x00002028                lcd_command
 .text.lcd_data
                0x0000203a       0x12 lcdpcf8574/lcdpcf8574.o
                0x0000203a                lcd_data
 .text.lcd_gotoxy
                0x0000204c       0x22 lcdpcf8574/lcdpcf8574.o
                0x0000204c                lcd_gotoxy
 .text.lcd_clrscr
                0x0000206e        0x6 lcdpcf8574/lcdpcf8574.o
                0x0000206e                lcd_clrscr
 .text.lcd_led  0x00002074       0x20 lcdpcf8574/lcdpcf8574.o
                0x00002074                lcd_led
 .text.lcd_home
                0x00002094        0x6 lcdpcf8574/lcdpcf8574.o
                0x00002094                lcd_home
 .text.lcd_init
                0x0000209a       0xa2 lcdpcf8574/lcdpcf8574.o
                0x0000209a                lcd_init
 .text.LCDstring
                0x0000213c       0x3a lcdpcf8574/lcdpcf8574.o
                0x0000213c                LCDstring
 .text.pcf8574_init
                0x00002176       0x22 pcf8574/pcf8574.o
                0x00002176                pcf8574_init
 .text.pcf8574_getoutputpin
                0x00002198       0x2a pcf8574/pcf8574.o
                0x00002198                pcf8574_getoutputpin
 .text.pcf8574_setoutput
                0x000021c2       0x32 pcf8574/pcf8574.o
                0x000021c2                pcf8574_setoutput
 .text.pcf8574_setoutputpin
                0x000021f4       0x52 pcf8574/pcf8574.o
                0x000021f4                pcf8574_setoutputpin
 .text.pcf8574_setoutputpinhigh
                0x00002246        0x6 pcf8574/pcf8574.o
                0x00002246                pcf8574_setoutputpinhigh
 .text.pcf8574_setoutputpinlow
                0x0000224c        0x6 pcf8574/pcf8574.o
                0x0000224c                pcf8574_setoutputpinlow
 .text.__vector_18
                0x00002252       0x56 uart/uart.o
                0x00002252                __vector_18
 .text.__vector_19
                0x000022a8       0x54 uart/uart.o
                0x000022a8                __vector_19
 .text.uart_init
                0x000022fc       0x32 uart/uart.o
                0x000022fc                uart_init
 .text.uart_putc
                0x0000232e       0x2a uart/uart.o
                0x0000232e                uart_putc
 .text.uart_puts
                0x00002358       0x18 uart/uart.o
                0x00002358                uart_puts
 .text.vApplicationIdleHook
                0x00002370       0x38 FreeRTOS/hooks.o
                0x00002370                vApplicationIdleHook
 .text.vApplicationMallocFailedHook
                0x000023a8       0x1a FreeRTOS/hooks.o
                0x000023a8                vApplicationMallocFailedHook
 .text.hot.vListInitialise
                0x000023c2       0x1c FreeRTOS/list.o
                0x000023c2                vListInitialise
 .text.hot.vListInitialiseItem
                0x000023de        0x8 FreeRTOS/list.o
                0x000023de                vListInitialiseItem
 .text.hot.vListInsertEnd
                0x000023e6       0x42 FreeRTOS/list.o
                0x000023e6                vListInsertEnd
 .text.hot.vListInsert
                0x00002428       0x70 FreeRTOS/list.o
                0x00002428                vListInsert
 .text.hot.uxListRemove
                0x00002498       0x48 FreeRTOS/list.o
                0x00002498                uxListRemove
 .text.hot.pxPortInitialiseStack
                0x000024e0       0xd8 FreeRTOS/port.o
                0x000024e0                pxPortInitialiseStack
 .text.hot.xPortStartScheduler
                0x000025b8       0x72 FreeRTOS/port.o
                0x000025b8                xPortStartScheduler
 .text.hot.vPortYield
                0x0000262a       0xb2 FreeRTOS/port.o
                0x0000262a                vPortYield
 .text.hot.vPortYieldFromTick
                0x000026dc       0xba FreeRTOS/port.o
                0x000026dc                vPortYieldFromTick
 .text.hot.__vector_6
                0x00002796        0x6 FreeRTOS/port.o
                0x00002796                __vector_6
 .text.hot.prvIsQueueEmpty
                0x0000279c       0x16 FreeRTOS/queue.o
 .text.hot.prvCopyDataToQueue
                0x000027b2       0xaa FreeRTOS/queue.o
 .text.hot.prvCopyDataFromQueue
                0x0000285c       0x34 FreeRTOS/queue.o
 .text.hot.prvUnlockQueue
                0x00002890       0x7c FreeRTOS/queue.o
 .text.hot.xQueueGenericReset
                0x0000290c       0x74 FreeRTOS/queue.o
                0x0000290c                xQueueGenericReset
 .text.hot.xQueueGenericCreate
                0x00002980       0x64 FreeRTOS/queue.o
                0x00002980                xQueueGenericCreate
 .text.hot.xQueueGenericSend
                0x000029e4      0x12c FreeRTOS/queue.o
                0x000029e4                xQueueGenericSend
 .text.hot.xQueueGenericSendFromISR
                0x00002b10       0x5e FreeRTOS/queue.o
                0x00002b10                xQueueGenericSendFromISR
 .text.hot.xQueueReceive
                0x00002b6e      0x124 FreeRTOS/queue.o
                0x00002b6e                xQueueReceive
 .text.hot.vQueueWaitForMessageRestricted
                0x00002c92       0x38 FreeRTOS/queue.o
                0x00002c92                vQueueWaitForMessageRestricted
 .text.prvResetNextTaskUnblockTime
                0x00002cca       0x36 FreeRTOS/task.o
 .text.hot.prvAddCurrentTaskToDelayedList
                0x00002d00       0xce FreeRTOS/task.o
 .text.prvIdleTask
                0x00002dce       0x5c FreeRTOS/task.o
 .text.hot.xTaskCreate
                0x00002e2a      0x20e FreeRTOS/task.o
                0x00002e2a                xTaskCreate
 .text.hot.vTaskStartScheduler
                0x00003038       0x5c FreeRTOS/task.o
                0x00003038                vTaskStartScheduler
 .text.hot.vTaskSuspendAll
                0x00003094        0xc FreeRTOS/task.o
                0x00003094                vTaskSuspendAll
 .text.hot.xTaskGetTickCount
                0x000030a0       0x14 FreeRTOS/task.o
                0x000030a0                xTaskGetTickCount
 .text.hot.xTaskIncrementTick
                0x000030b4      0x158 FreeRTOS/task.o
                0x000030b4                xTaskIncrementTick
 .text.hot.xTaskResumeAll
                0x0000320c       0xde FreeRTOS/task.o
                0x0000320c                xTaskResumeAll
 .text.hot.vTaskDelayUntil
                0x000032ea       0x70 FreeRTOS/task.o
                0x000032ea                vTaskDelayUntil
 .text.hot.vTaskDelay
                0x0000335a       0x38 FreeRTOS/task.o
                0x0000335a                vTaskDelay
 .text.hot.vTaskSwitchContext
                0x00003392       0xbc FreeRTOS/task.o
                0x00003392                vTaskSwitchContext
 .text.hot.vTaskPlaceOnEventList
                0x0000344e       0x24 FreeRTOS/task.o
                0x0000344e                vTaskPlaceOnEventList
 .text.hot.vTaskPlaceOnEventListRestricted
                0x00003472       0x40 FreeRTOS/task.o
                0x00003472                vTaskPlaceOnEventListRestricted
 .text.hot.xTaskRemoveFromEventList
                0x000034b2       0x80 FreeRTOS/task.o
                0x000034b2                xTaskRemoveFromEventList
 .text.hot.vTaskInternalSetTimeOutState
                0x00003532       0x16 FreeRTOS/task.o
                0x00003532                vTaskInternalSetTimeOutState
 .text.hot.xTaskCheckForTimeOut
                0x00003548       0x6c FreeRTOS/task.o
                0x00003548                xTaskCheckForTimeOut
 .text.hot.vTaskMissedYield
                0x000035b4        0x8 FreeRTOS/task.o
                0x000035b4                vTaskMissedYield
 .text.hot.xTaskGetSchedulerState
                0x000035bc       0x1c FreeRTOS/task.o
                0x000035bc                xTaskGetSchedulerState
 .text.hot.xTaskPriorityDisinherit
                0x000035d8       0x74 FreeRTOS/task.o
                0x000035d8                xTaskPriorityDisinherit
 .text.hot.prvCheckForValidListAndQueue
                0x0000364c       0x52 FreeRTOS/time.o
 .text.hot.prvInsertTimerInActiveList
                0x0000369e       0x54 FreeRTOS/time.o
 .text.hot.xTimerCreateTimerTask
                0x000036f2       0x40 FreeRTOS/time.o
                0x000036f2                xTimerCreateTimerTask
 .text.hot.xTimerGenericCommand
                0x00003732       0x7e FreeRTOS/time.o
                0x00003732                xTimerGenericCommand
 .text.hot.prvSwitchTimerLists
                0x000037b0       0xa2 FreeRTOS/time.o
 .text.hot.prvTimerTask
                0x00003852      0x200 FreeRTOS/time.o
 .text.hot.pvPortMalloc
                0x00003a52       0x3e FreeRTOS/MemMang/heap_3.o
                0x00003a52                pvPortMalloc
 .text.hot.vPortFree
                0x00003a90       0x22 FreeRTOS/MemMang/heap_3.o
                0x00003a90                vPortFree
 .text.libgcc.div
                0x00003ab2       0x44 c:/winavr-20100110/bin/../lib/gcc/avr/4.9.2/avr5\libgcc.a(_udivmodsi4.o)
                0x00003ab2                __udivmodsi4
 .text.libgcc   0x00003af6        0xc c:/winavr-20100110/bin/../lib/gcc/avr/4.9.2/avr5\libgcc.a(_tablejump2.o)
                0x00003af6                __tablejump2__
 .text.avr-libc
                0x00003b02      0x25a c:/winavr-20100110/bin/../lib/gcc/avr/4.9.2/../../../../avr/lib/avr5\libc.a(malloc.o)
                0x00003b02                malloc
                0x00003c2c                free
 .text.avr-libc
                0x00003d5c       0x12 c:/winavr-20100110/bin/../lib/gcc/avr/4.9.2/../../../../avr/lib/avr5\libc.a(memcpy.o)
                0x00003d5c                memcpy
 .text.avr-libc
                0x00003d6e        0xe c:/winavr-20100110/bin/../lib/gcc/avr/4.9.2/../../../../avr/lib/avr5\libc.a(memset.o)
                0x00003d6e                memset
 .text.avr-libc
                0x00003d7c        0xe c:/winavr-20100110/bin/../lib/gcc/avr/4.9.2/../../../../avr/lib/avr5\libc.a(strcpy.o)
                0x00003d7c                strcpy
 .text.avr-libc
                0x00003d8a       0x46 c:/winavr-20100110/bin/../lib/gcc/avr/4.9.2/../../../../avr/lib/avr5\libc.a(sprintf.o)
                0x00003d8a                sprintf
 .text.avr-libc
                0x00003dd0      0x3a4 c:/winavr-20100110/bin/../lib/gcc/avr/4.9.2/../../../../avr/lib/avr5\libc.a(vfprintf_std.o)
                0x00003dd0                vfprintf
 .text.avr-libc
                0x00004174       0x16 c:/winavr-20100110/bin/../lib/gcc/avr/4.9.2/../../../../avr/lib/avr5\libc.a(strnlen_P.o)
                0x00004174                strnlen_P
 .text.avr-libc
                0x0000418a       0x16 c:/winavr-20100110/bin/../lib/gcc/avr/4.9.2/../../../../avr/lib/avr5\libc.a(strnlen.o)
                0x0000418a                strnlen
 .text.avr-libc
                0x000041a0       0x70 c:/winavr-20100110/bin/../lib/gcc/avr/4.9.2/../../../../avr/lib/avr5\libc.a(fputc.o)
                0x000041a0                fputc
 .text.avr-libc
                0x00004210       0xbc c:/winavr-20100110/bin/../lib/gcc/avr/4.9.2/../../../../avr/lib/avr5\libc.a(ultoa_invert.o)
                0x00004210                __ultoa_invert
 .text.libgcc.prologue
                0x000042cc       0x38 c:/winavr-20100110/bin/../lib/gcc/avr/4.9.2/avr5\libgcc.a(_prologue.o)
                0x000042cc                __prologue_saves__
 .text.libgcc.prologue
                0x00004304       0x36 c:/winavr-20100110/bin/../lib/gcc/avr/4.9.2/avr5\libgcc.a(_epilogue.o)
                0x00004304                __epilogue_restores__
                0x0000433a                . = ALIGN (0x2)
 *(.fini9)
 .fini9         0x0000433a        0x0 c:/winavr-20100110/bin/../lib/gcc/avr/4.9.2/avr5\libgcc.a(_exit.o)
                0x0000433a                _exit
                0x0000433a                exit
 *(.fini9)
 *(.fini8)
 *(.fini8)
 *(.fini7)
 *(.fini7)
 *(.fini6)
 *(.fini6)
 *(.fini5)
 *(.fini5)
 *(.fini4)
 *(.fini4)
 *(.fini3)
 *(.fini3)
 *(.fini2)
 *(.fini2)
 *(.fini1)
 *(.fini1)
 *(.fini0)
 .fini0         0x0000433a        0x4 c:/winavr-20100110/bin/../lib/gcc/avr/4.9.2/avr5\libgcc.a(_exit.o)
 *(.fini0)
                0x0000433e                _etext = .

.data           0x00800100      0x2d0 load address 0x0000433e
                0x00800100                PROVIDE (__data_start, .)
 *(.data)
 .data          0x00800100        0x6 c:/winavr-20100110/bin/../lib/gcc/avr/4.9.2/../../../../avr/lib/avr5\libc.a(malloc.o)
                0x00800100                __malloc_heap_end
                0x00800102                __malloc_heap_start
                0x00800104                __malloc_margin
 *(.data*)
 .data.lcd_buffer2
                0x00800106       0x11 torenair.o
                0x00800106                lcd_buffer2
 .data.lcd_buffer1
                0x00800117       0x11 torenair.o
                0x00800117                lcd_buffer1
 .data.tank_height
                0x00800128        0x2 torenair.o
                0x00800128                tank_height
 .data.relay_mode
                0x0080012a        0x1 torenair.o
                0x0080012a                relay_mode
 .data.rate     0x0080012b        0x2 torenair.o
                0x0080012b                rate
 .data.day      0x0080012d        0x1 torenair.o
                0x0080012d                day
 .data.month    0x0080012e        0x1 torenair.o
                0x0080012e                month
 .data.year     0x0080012f        0x4 torenair.o
                0x0080012f                year
 .data.task_time_serial_xfer
                0x00800133        0x4 torenair.o
                0x00800133                task_time_serial_xfer
 .data.task_time_debounce
                0x00800137        0x4 torenair.o
                0x00800137                task_time_debounce
 *(.rodata)
 *(.rodata*)
 .rodata.CSWTCH.11
                0x0080013b       0x10 keypad.o
 .rodata.str1.1
                0x0080014b      0x25f statemachine.o
 .rodata.str1.1
                0x008003aa       0x18 torenair.o
 .rodata.str1.1
                0x008003c2        0x5 FreeRTOS/task.o
 .rodata.str1.1
                0x008003c7        0x8 FreeRTOS/time.o
 *(.gnu.linkonce.d*)
                0x008003d0                . = ALIGN (0x2)
 *fill*         0x008003cf        0x1 
                0x008003d0                _edata = .
                0x008003d0                PROVIDE (__data_end, .)

.bss            0x008003d0       0xf9
                0x008003d0                PROVIDE (__bss_start, .)
 *(.bss)
 *(.bss*)
 .bss.water_height_max
                0x008003d0        0x2 statemachine.o
                0x008003d0                water_height_max
 .bss.sonar_running
                0x008003d2        0x1 torenair.o
                0x008003d2                sonar_running
 .bss.sonar_up  0x008003d3        0x1 torenair.o
                0x008003d3                sonar_up
 .bss.sonar_timerCounter
                0x008003d4        0x4 torenair.o
                0x008003d4                sonar_timerCounter
 .bss.sonar_result
                0x008003d8        0x2 torenair.o
                0x008003d8                sonar_result
 .bss.relay     0x008003da        0x1 torenair.o
                0x008003da                relay
 .bss.second    0x008003db        0x1 torenair.o
                0x008003db                second
 .bss.minute    0x008003dc        0x1 torenair.o
                0x008003dc                minute
 .bss.hour      0x008003dd        0x1 torenair.o
                0x008003dd                hour
 .bss.xfer_flag
                0x008003de        0x1 torenair.o
                0x008003de                xfer_flag
 .bss.sys_state
                0x008003df        0x1 torenair.o
                0x008003df                sys_state
 .bss.dataport  0x008003e0        0x1 lcdpcf8574/lcdpcf8574.o
                0x008003e0                dataport
 .bss.UART_LastRxError
                0x008003e1        0x1 uart/uart.o
 .bss.UART_RxTail
                0x008003e2        0x1 uart/uart.o
 .bss.UART_RxHead
                0x008003e3        0x1 uart/uart.o
 .bss.UART_TxTail
                0x008003e4        0x1 uart/uart.o
 .bss.UART_TxHead
                0x008003e5        0x1 uart/uart.o
 .bss.UART_RxBuf
                0x008003e6       0x20 uart/uart.o
 .bss.UART_TxBuf
                0x00800406       0x20 uart/uart.o
 .bss.uxSchedulerSuspended
                0x00800426        0x1 FreeRTOS/task.o
 .bss.xIdleTaskHandle
                0x00800427        0x2 FreeRTOS/task.o
 .bss.xNextTaskUnblockTime
                0x00800429        0x2 FreeRTOS/task.o
 .bss.uxTaskNumber
                0x0080042b        0x1 FreeRTOS/task.o
 .bss.xNumOfOverflows
                0x0080042c        0x1 FreeRTOS/task.o
 .bss.xYieldPending
                0x0080042d        0x1 FreeRTOS/task.o
 .bss.uxPendedTicks
                0x0080042e        0x1 FreeRTOS/task.o
 .bss.xSchedulerRunning
                0x0080042f        0x1 FreeRTOS/task.o
 .bss.uxTopReadyPriority
                0x00800430        0x1 FreeRTOS/task.o
 .bss.xTickCount
                0x00800431        0x2 FreeRTOS/task.o
 .bss.uxCurrentNumberOfTasks
                0x00800433        0x1 FreeRTOS/task.o
 .bss.xSuspendedTaskList
                0x00800434        0x9 FreeRTOS/task.o
 .bss.uxDeletedTasksWaitingCleanUp
                0x0080043d        0x1 FreeRTOS/task.o
 .bss.xTasksWaitingTermination
                0x0080043e        0x9 FreeRTOS/task.o
 .bss.xPendingReadyList
                0x00800447        0x9 FreeRTOS/task.o
 .bss.pxOverflowDelayedTaskList
                0x00800450        0x2 FreeRTOS/task.o
 .bss.pxDelayedTaskList
                0x00800452        0x2 FreeRTOS/task.o
 .bss.xDelayedTaskList2
                0x00800454        0x9 FreeRTOS/task.o
 .bss.xDelayedTaskList1
                0x0080045d        0x9 FreeRTOS/task.o
 .bss.pxReadyTasksLists
                0x00800466       0x24 FreeRTOS/task.o
 .bss.pxCurrentTCB
                0x0080048a        0x2 FreeRTOS/task.o
                0x0080048a                pxCurrentTCB
 .bss.xLastTime.2253
                0x0080048c        0x2 FreeRTOS/time.o
 .bss.xTimerTaskHandle
                0x0080048e        0x2 FreeRTOS/time.o
 .bss.xTimerQueue
                0x00800490        0x2 FreeRTOS/time.o
 .bss.pxOverflowTimerList
                0x00800492        0x2 FreeRTOS/time.o
 .bss.pxCurrentTimerList
                0x00800494        0x2 FreeRTOS/time.o
 .bss.xActiveTimerList2
                0x00800496        0x9 FreeRTOS/time.o
 .bss.xActiveTimerList1
                0x0080049f        0x9 FreeRTOS/time.o
 *(COMMON)
 COMMON         0x008004a8        0xa statemachine.o
                0x008004a8                input
                0x008004b0                count
                0x008004b1                relay_set_manual
 COMMON         0x008004b2        0xb torenair.o
                0x008004b2                keynumber
                0x008004b3                butnum
                0x008004b4                water_height
                0x008004b6                last_butnum
                0x008004b7                button_flag
                0x008004b8                button_state
                0x008004b9                systime_ms
                0x008004bb                last_keynumber
                0x008004bc                last_keynumber_temp
 COMMON         0x008004bd        0x8 lcdpcf8574/lcdpcf8574.o
                0x008004bd                pcf8574_pinstatus
 COMMON         0x008004c5        0x4 c:/winavr-20100110/bin/../lib/gcc/avr/4.9.2/../../../../avr/lib/avr5\libc.a(malloc.o)
                0x008004c5                __brkval
                0x008004c7                __flp
                0x008004c9                PROVIDE (__bss_end, .)
                0x0000433e                __data_load_start = LOADADDR (.data)
                0x0000460e                __data_load_end = (__data_load_start + SIZEOF (.data))

.noinit         0x008004c9        0x0
                [!provide]                PROVIDE (__noinit_start, .)
 *(.noinit*)
                [!provide]                PROVIDE (__noinit_end, .)
                0x008004c9                _end = .
                0x008004c9                PROVIDE (__heap_start, .)

.eeprom         0x00810000        0x0
 *(.eeprom*)
                0x00810000                __eeprom_end = .

.fuse
 *(.fuse)
 *(.lfuse)
 *(.hfuse)
 *(.efuse)

.lock
 *(.lock*)

.signature
 *(.signature*)

.user_signatures
 *(.user_signatures*)

.stab
 *(.stab)

.stabstr
 *(.stabstr)

.stab.excl
 *(.stab.excl)

.stab.exclstr
 *(.stab.exclstr)

.stab.index
 *(.stab.index)

.stab.indexstr
 *(.stab.indexstr)

.comment        0x00000000       0x5c
 *(.comment)
 .comment       0x00000000       0x30 display.o
                                 0x31 (size before relaxing)
 .comment       0x00000030       0x31 keypad.o
 .comment       0x00000030       0x31 statemachine.o
 .comment       0x00000030       0x31 torenair.o
 .comment       0x00000030       0x31 i2chw/twimaster.o
 .comment       0x00000030       0x31 lcdpcf8574/lcdpcf8574.o
 .comment       0x00000030       0x31 pcf8574/pcf8574.o
 .comment       0x00000030       0x31 uart/uart.o
 .comment       0x00000030       0x31 FreeRTOS/hooks.o
 .comment       0x00000030       0x31 FreeRTOS/list.o
 .comment       0x00000030       0x31 FreeRTOS/port.o
 .comment       0x00000030       0x31 FreeRTOS/queue.o
 .comment       0x00000030       0x31 FreeRTOS/task.o
 .comment       0x00000030       0x31 FreeRTOS/time.o
 .comment       0x00000030       0x31 FreeRTOS/MemMang/heap_3.o
 .comment       0x00000030       0x31 c:/winavr-20100110/bin/../lib/gcc/avr/4.9.2/../../../../avr/lib/avr5\libc.a(malloc.o)
 .comment       0x00000030       0x31 c:/winavr-20100110/bin/../lib/gcc/avr/4.9.2/../../../../avr/lib/avr5\libc.a(sprintf.o)
 .comment       0x00000030       0x2c c:/winavr-20100110/bin/../lib/gcc/avr/4.9.2/../../../../avr/lib/avr5\libc.a(vfprintf_std.o)
                                 0x2d (size before relaxing)
 .comment       0x0000005c       0x31 c:/winavr-20100110/bin/../lib/gcc/avr/4.9.2/../../../../avr/lib/avr5\libc.a(fputc.o)

.note.gnu.avr.deviceinfo
                0x00000000       0x40
 .note.gnu.avr.deviceinfo
                0x00000000       0x40 c:/winavr-20100110/bin/../lib/gcc/avr/4.9.2/../../../../avr/lib/avr5/crtatmega328p.o

.note.gnu.build-id
 *(.note.gnu.build-id)

.debug
 *(.debug)

.line
 *(.line)

.debug_srcinfo
 *(.debug_srcinfo)

.debug_sfnames
 *(.debug_sfnames)

.debug_aranges  0x00000000      0x6a0
 *(.debug_aranges)
 .debug_aranges
                0x00000000       0x38 display.o
 .debug_aranges
                0x00000038       0x50 keypad.o
 .debug_aranges
                0x00000088       0x30 statemachine.o
 .debug_aranges
                0x000000b8       0x70 torenair.o
 .debug_aranges
                0x00000128       0x58 i2chw/twimaster.o
 .debug_aranges
                0x00000180       0x98 lcdpcf8574/lcdpcf8574.o
 .debug_aranges
                0x00000218       0x68 pcf8574/pcf8574.o
 .debug_aranges
                0x00000280       0x50 uart/uart.o
 .debug_aranges
                0x000002d0       0x30 FreeRTOS/hooks.o
 .debug_aranges
                0x00000300       0x40 FreeRTOS/list.o
 .debug_aranges
                0x00000340       0x48 FreeRTOS/port.o
 .debug_aranges
                0x00000388       0xe0 FreeRTOS/queue.o
 .debug_aranges
                0x00000468      0x188 FreeRTOS/task.o
 .debug_aranges
                0x000005f0       0x88 FreeRTOS/time.o
 .debug_aranges
                0x00000678       0x28 FreeRTOS/MemMang/heap_3.o

.debug_pubnames
 *(.debug_pubnames)

.debug_info     0x00000000     0x7d2d
 *(.debug_info .gnu.linkonce.wi.*)
 .debug_info    0x00000000      0x5f4 c:/winavr-20100110/bin/../lib/gcc/avr/4.9.2/../../../../avr/lib/avr5/crtatmega328p.o
 .debug_info    0x000005f4      0x1fd display.o
 .debug_info    0x000007f1      0x388 keypad.o
 .debug_info    0x00000b79      0x29c statemachine.o
 .debug_info    0x00000e15      0x96c torenair.o
 .debug_info    0x00001781      0x1f7 i2chw/twimaster.o
 .debug_info    0x00001978      0x85e lcdpcf8574/lcdpcf8574.o
 .debug_info    0x000021d6      0x558 pcf8574/pcf8574.o
 .debug_info    0x0000272e      0x2f8 uart/uart.o
 .debug_info    0x00002a26      0x1d9 FreeRTOS/hooks.o
 .debug_info    0x00002bff      0x2cc FreeRTOS/list.o
 .debug_info    0x00002ecb      0x249 FreeRTOS/port.o
 .debug_info    0x00003114     0x182a FreeRTOS/queue.o
 .debug_info    0x0000493e     0x2148 FreeRTOS/task.o
 .debug_info    0x00006a86     0x1103 FreeRTOS/time.o
 .debug_info    0x00007b89      0x1a4 FreeRTOS/MemMang/heap_3.o

.debug_abbrev   0x00000000     0x2257
 *(.debug_abbrev)
 .debug_abbrev  0x00000000      0x5a2 c:/winavr-20100110/bin/../lib/gcc/avr/4.9.2/../../../../avr/lib/avr5/crtatmega328p.o
 .debug_abbrev  0x000005a2      0x105 display.o
 .debug_abbrev  0x000006a7      0x184 keypad.o
 .debug_abbrev  0x0000082b      0x102 statemachine.o
 .debug_abbrev  0x0000092d      0x2f0 torenair.o
 .debug_abbrev  0x00000c1d      0x14d i2chw/twimaster.o
 .debug_abbrev  0x00000d6a      0x2c5 lcdpcf8574/lcdpcf8574.o
 .debug_abbrev  0x0000102f      0x1f0 pcf8574/pcf8574.o
 .debug_abbrev  0x0000121f      0x13c uart/uart.o
 .debug_abbrev  0x0000135b       0xf0 FreeRTOS/hooks.o
 .debug_abbrev  0x0000144b       0xff FreeRTOS/list.o
 .debug_abbrev  0x0000154a      0x14b FreeRTOS/port.o
 .debug_abbrev  0x00001695      0x36a FreeRTOS/queue.o
 .debug_abbrev  0x000019ff      0x3dc FreeRTOS/task.o
 .debug_abbrev  0x00001ddb      0x33a FreeRTOS/time.o
 .debug_abbrev  0x00002115      0x142 FreeRTOS/MemMang/heap_3.o

.debug_line     0x00000000     0x462b
 *(.debug_line .debug_line.* .debug_line_end)
 .debug_line    0x00000000       0x1a c:/winavr-20100110/bin/../lib/gcc/avr/4.9.2/../../../../avr/lib/avr5/crtatmega328p.o
 .debug_line    0x0000001a       0xe9 display.o
 .debug_line    0x00000103      0x303 keypad.o
 .debug_line    0x00000406      0x81b statemachine.o
 .debug_line    0x00000c21      0x584 torenair.o
 .debug_line    0x000011a5      0x238 i2chw/twimaster.o
 .debug_line    0x000013dd      0x4e7 lcdpcf8574/lcdpcf8574.o
 .debug_line    0x000018c4      0x344 pcf8574/pcf8574.o
 .debug_line    0x00001c08      0x1dd uart/uart.o
 .debug_line    0x00001de5      0x16d FreeRTOS/hooks.o
 .debug_line    0x00001f52      0x1b3 FreeRTOS/list.o
 .debug_line    0x00002105      0x289 FreeRTOS/port.o
 .debug_line    0x0000238e      0xad7 FreeRTOS/queue.o
 .debug_line    0x00002e65     0x11c6 FreeRTOS/task.o
 .debug_line    0x0000402b      0x4c7 FreeRTOS/time.o
 .debug_line    0x000044f2      0x139 FreeRTOS/MemMang/heap_3.o

.debug_frame    0x00000000     0x19e0
 *(.debug_frame)
 .debug_frame   0x00000000       0x64 display.o
 .debug_frame   0x00000064       0xa8 keypad.o
 .debug_frame   0x0000010c      0x6c0 statemachine.o
 .debug_frame   0x000007cc      0x1dc torenair.o
 .debug_frame   0x000009a8       0x94 i2chw/twimaster.o
 .debug_frame   0x00000a3c      0x194 lcdpcf8574/lcdpcf8574.o
 .debug_frame   0x00000bd0       0xe8 pcf8574/pcf8574.o
 .debug_frame   0x00000cb8       0xe0 uart/uart.o
 .debug_frame   0x00000d98       0x44 FreeRTOS/hooks.o
 .debug_frame   0x00000ddc       0x90 FreeRTOS/list.o
 .debug_frame   0x00000e6c       0x74 FreeRTOS/port.o
 .debug_frame   0x00000ee0      0x378 FreeRTOS/queue.o
 .debug_frame   0x00001258      0x5a4 FreeRTOS/task.o
 .debug_frame   0x000017fc      0x188 FreeRTOS/time.o
 .debug_frame   0x00001984       0x5c FreeRTOS/MemMang/heap_3.o

.debug_str      0x00000000     0x2061
 *(.debug_str)
 .debug_str     0x00000000      0x208 c:/winavr-20100110/bin/../lib/gcc/avr/4.9.2/../../../../avr/lib/avr5/crtatmega328p.o
 .debug_str     0x00000208      0x18a display.o
                                0x1c3 (size before relaxing)
 .debug_str     0x00000392      0x109 keypad.o
                                0x275 (size before relaxing)
 .debug_str     0x0000049b       0xbb statemachine.o
                                0x27e (size before relaxing)
 .debug_str     0x00000556      0x20b torenair.o
                                0x4f6 (size before relaxing)
 .debug_str     0x00000761       0x7a i2chw/twimaster.o
                                0x1c3 (size before relaxing)
 .debug_str     0x000007db      0x15e lcdpcf8574/lcdpcf8574.o
                                0x304 (size before relaxing)
 .debug_str     0x00000939       0x95 pcf8574/pcf8574.o
                                0x2e2 (size before relaxing)
 .debug_str     0x000009ce       0xc0 uart/uart.o
                                0x250 (size before relaxing)
 .debug_str     0x00000a8e       0x5a FreeRTOS/hooks.o
                                0x22d (size before relaxing)
 .debug_str     0x00000ae8      0x12d FreeRTOS/list.o
                                0x29d (size before relaxing)
 .debug_str     0x00000c15       0xf1 FreeRTOS/port.o
                                0x273 (size before relaxing)
 .debug_str     0x00000d06      0x673 FreeRTOS/queue.o
                                0x8e9 (size before relaxing)
 .debug_str     0x00001379      0x8b3 FreeRTOS/task.o
                                0xe6e (size before relaxing)
 .debug_str     0x00001c2c      0x403 FreeRTOS/time.o
                                0x7ea (size before relaxing)
 .debug_str     0x0000202f       0x32 FreeRTOS/MemMang/heap_3.o
                                0x1ea (size before relaxing)

.debug_loc      0x00000000     0x8529
 *(.debug_loc)
 .debug_loc     0x00000000       0xab display.o
 .debug_loc     0x000000ab      0x2c6 keypad.o
 .debug_loc     0x00000371     0x1c40 statemachine.o
 .debug_loc     0x00001fb1      0x4b4 torenair.o
 .debug_loc     0x00002465      0x120 i2chw/twimaster.o
 .debug_loc     0x00002585      0x674 lcdpcf8574/lcdpcf8574.o
 .debug_loc     0x00002bf9      0x63d pcf8574/pcf8574.o
 .debug_loc     0x00003236      0x32d uart/uart.o
 .debug_loc     0x00003563       0x26 FreeRTOS/hooks.o
 .debug_loc     0x00003589      0x1d7 FreeRTOS/list.o
 .debug_loc     0x00003760      0x274 FreeRTOS/port.o
 .debug_loc     0x000039d4     0x1a9f FreeRTOS/queue.o
 .debug_loc     0x00005473     0x24ea FreeRTOS/task.o
 .debug_loc     0x0000795d      0xaa7 FreeRTOS/time.o
 .debug_loc     0x00008404      0x125 FreeRTOS/MemMang/heap_3.o

.debug_macinfo
 *(.debug_macinfo)

.debug_weaknames
 *(.debug_weaknames)

.debug_funcnames
 *(.debug_funcnames)

.debug_typenames
 *(.debug_typenames)

.debug_varnames
 *(.debug_varnames)

.debug_pubtypes
 *(.debug_pubtypes)

.debug_ranges   0x00000000      0x640
 *(.debug_ranges)
 .debug_ranges  0x00000000       0x28 display.o
 .debug_ranges  0x00000028       0x40 keypad.o
 .debug_ranges  0x00000068       0x20 statemachine.o
 .debug_ranges  0x00000088       0x60 torenair.o
 .debug_ranges  0x000000e8       0x48 i2chw/twimaster.o
 .debug_ranges  0x00000130       0xa0 lcdpcf8574/lcdpcf8574.o
 .debug_ranges  0x000001d0       0x58 pcf8574/pcf8574.o
 .debug_ranges  0x00000228       0x40 uart/uart.o
 .debug_ranges  0x00000268       0x20 FreeRTOS/hooks.o
 .debug_ranges  0x00000288       0x30 FreeRTOS/list.o
 .debug_ranges  0x000002b8       0x38 FreeRTOS/port.o
 .debug_ranges  0x000002f0       0xe8 FreeRTOS/queue.o
 .debug_ranges  0x000003d8      0x1d8 FreeRTOS/task.o
 .debug_ranges  0x000005b0       0x78 FreeRTOS/time.o
 .debug_ranges  0x00000628       0x18 FreeRTOS/MemMang/heap_3.o

.debug_macro
 *(.debug_macro)
OUTPUT(torenair.elf elf32-avr)
LOAD linker stubs
